<?xml version="1.0" encoding="ISO-8859-1" ?>
<link_info>
   <banner>TI ARM Linker PC v20.2.7.LTS</banner>
   <copyright>Copyright (c) 1996-2018 Texas Instruments Incorporated</copyright>
   <link_time>0x6429c5ec</link_time>
   <link_errors>0x0</link_errors>
   <output_file>gpiointerrupt_CC3220S_LAUNCHXL_nortos_ccs.out</output_file>
   <entry_point>
      <name>resetISR</name>
      <address>0x2000eac5</address>
   </entry_point>
   <input_file_list>
      <input_file id="fl-2">
         <path>.\</path>
         <kind>object</kind>
         <file>gpiointerrupt.obj</file>
         <name>gpiointerrupt.obj</name>
      </input_file>
      <input_file id="fl-3">
         <path>.\syscfg\</path>
         <kind>object</kind>
         <file>ti_drivers_config.obj</file>
         <name>ti_drivers_config.obj</name>
      </input_file>
      <input_file id="fl-4">
         <path>.\</path>
         <kind>object</kind>
         <file>main_nortos.obj</file>
         <name>main_nortos.obj</name>
      </input_file>
      <input_file id="fl-d">
         <kind>object</kind>
         <file>&lt;internal&gt;</file>
         <name>&lt;internal&gt;</name>
      </input_file>
      <input_file id="fl-e">
         <path>C:\ti\simplelink_cc32xx_sdk_4_30_00_06\source\ti\drivers\lib\ccs\m4\</path>
         <kind>archive</kind>
         <file>drivers_cc32xx.a</file>
         <name>Timer.oem4</name>
      </input_file>
      <input_file id="fl-f">
         <path>C:\ti\simplelink_cc32xx_sdk_4_30_00_06\source\ti\drivers\lib\ccs\m4\</path>
         <kind>archive</kind>
         <file>drivers_cc32xx.a</file>
         <name>GPIOCC32XX.oem4</name>
      </input_file>
      <input_file id="fl-10">
         <path>C:\ti\simplelink_cc32xx_sdk_4_30_00_06\source\ti\drivers\lib\ccs\m4\</path>
         <kind>archive</kind>
         <file>drivers_cc32xx.a</file>
         <name>PowerCC32XX.oem4</name>
      </input_file>
      <input_file id="fl-11">
         <path>C:\ti\simplelink_cc32xx_sdk_4_30_00_06\source\ti\drivers\lib\ccs\m4\</path>
         <kind>archive</kind>
         <file>drivers_cc32xx.a</file>
         <name>PowerCC32XX_asm.oem4</name>
      </input_file>
      <input_file id="fl-12">
         <path>C:\ti\simplelink_cc32xx_sdk_4_30_00_06\source\ti\drivers\lib\ccs\m4\</path>
         <kind>archive</kind>
         <file>drivers_cc32xx.a</file>
         <name>TimerCC32XX.oem4</name>
      </input_file>
      <input_file id="fl-13">
         <path>C:\ti\simplelink_cc32xx_sdk_4_30_00_06\source\ti\drivers\lib\ccs\m4\</path>
         <kind>archive</kind>
         <file>drivers_cc32xx.a</file>
         <name>List.oem4</name>
      </input_file>
      <input_file id="fl-14">
         <path>C:\ti\simplelink_cc32xx_sdk_4_30_00_06\kernel\nortos\lib\ccs\m4\</path>
         <kind>archive</kind>
         <file>nortos_cc32xx.a</file>
         <name>NoRTOS.oem4</name>
      </input_file>
      <input_file id="fl-15">
         <path>C:\ti\simplelink_cc32xx_sdk_4_30_00_06\kernel\nortos\lib\ccs\m4\</path>
         <kind>archive</kind>
         <file>nortos_cc32xx.a</file>
         <name>SemaphoreP_nortos.oem4</name>
      </input_file>
      <input_file id="fl-16">
         <path>C:\ti\simplelink_cc32xx_sdk_4_30_00_06\kernel\nortos\lib\ccs\m4\</path>
         <kind>archive</kind>
         <file>nortos_cc32xx.a</file>
         <name>ClockPSysTick_nortos.oem4</name>
      </input_file>
      <input_file id="fl-17">
         <path>C:\ti\simplelink_cc32xx_sdk_4_30_00_06\kernel\nortos\lib\ccs\m4\</path>
         <kind>archive</kind>
         <file>nortos_cc32xx.a</file>
         <name>HwiPCC32XX_nortos.oem4</name>
      </input_file>
      <input_file id="fl-18">
         <path>C:\ti\simplelink_cc32xx_sdk_4_30_00_06\kernel\nortos\lib\ccs\m4\</path>
         <kind>archive</kind>
         <file>nortos_cc32xx.a</file>
         <name>PowerCC32XX_nortos.oem4</name>
      </input_file>
      <input_file id="fl-19">
         <path>C:\ti\simplelink_cc32xx_sdk_4_30_00_06\kernel\nortos\lib\ccs\m4\</path>
         <kind>archive</kind>
         <file>nortos_cc32xx.a</file>
         <name>startup_cc32xx_ccs.oem4</name>
      </input_file>
      <input_file id="fl-1a">
         <path>C:\ti\simplelink_cc32xx_sdk_4_30_00_06\kernel\nortos\lib\ccs\m4\</path>
         <kind>archive</kind>
         <file>nortos_cc32xx.a</file>
         <name>SwiP_nortos.oem4</name>
      </input_file>
      <input_file id="fl-1b">
         <path>C:\ti\simplelink_cc32xx_sdk_4_30_00_06\kernel\nortos\lib\ccs\m4\</path>
         <kind>archive</kind>
         <file>nortos_cc32xx.a</file>
         <name>QueueP_nortos.oem4</name>
      </input_file>
      <input_file id="fl-1c">
         <path>C:\ti\simplelink_cc32xx_sdk_4_30_00_06\source\ti\devices\cc32xx\driverlib\ccs\Release\</path>
         <kind>archive</kind>
         <file>driverlib.a</file>
         <name>cpu.obj</name>
      </input_file>
      <input_file id="fl-1d">
         <path>C:\ti\simplelink_cc32xx_sdk_4_30_00_06\source\ti\devices\cc32xx\driverlib\ccs\Release\</path>
         <kind>archive</kind>
         <file>driverlib.a</file>
         <name>interrupt.obj</name>
      </input_file>
      <input_file id="fl-1e">
         <path>C:\ti\simplelink_cc32xx_sdk_4_30_00_06\source\ti\devices\cc32xx\driverlib\ccs\Release\</path>
         <kind>archive</kind>
         <file>driverlib.a</file>
         <name>pin.obj</name>
      </input_file>
      <input_file id="fl-1f">
         <path>C:\ti\simplelink_cc32xx_sdk_4_30_00_06\source\ti\devices\cc32xx\driverlib\ccs\Release\</path>
         <kind>archive</kind>
         <file>driverlib.a</file>
         <name>prcm.obj</name>
      </input_file>
      <input_file id="fl-20">
         <path>C:\ti\simplelink_cc32xx_sdk_4_30_00_06\source\ti\devices\cc32xx\driverlib\ccs\Release\</path>
         <kind>archive</kind>
         <file>driverlib.a</file>
         <name>timer.obj</name>
      </input_file>
      <input_file id="fl-21">
         <path>C:\ti\simplelink_cc32xx_sdk_4_30_00_06\source\ti\devices\cc32xx\driverlib\ccs\Release\</path>
         <kind>archive</kind>
         <file>driverlib.a</file>
         <name>utils.obj</name>
      </input_file>
      <input_file id="fl-22">
         <path>C:\ti\simplelink_cc32xx_sdk_4_30_00_06\source\ti\devices\cc32xx\driverlib\ccs\Release\</path>
         <kind>archive</kind>
         <file>driverlib.a</file>
         <name>flash.obj</name>
      </input_file>
      <input_file id="fl-d8">
         <path>C:\ti\ccs1220\ccs\tools\compiler\ti-cgt-arm_20.2.7.LTS\lib\</path>
         <kind>archive</kind>
         <file>rtsv7M4_T_le_eabi.lib</file>
         <name>ll_mul_t2.asm.obj</name>
      </input_file>
      <input_file id="fl-d9">
         <path>C:\ti\ccs1220\ccs\tools\compiler\ti-cgt-arm_20.2.7.LTS\lib\</path>
         <kind>archive</kind>
         <file>rtsv7M4_T_le_eabi.lib</file>
         <name>memcpy_t2.asm.obj</name>
      </input_file>
      <input_file id="fl-da">
         <path>C:\ti\ccs1220\ccs\tools\compiler\ti-cgt-arm_20.2.7.LTS\lib\</path>
         <kind>archive</kind>
         <file>rtsv7M4_T_le_eabi.lib</file>
         <name>ull_div_t2.asm.obj</name>
      </input_file>
      <input_file id="fl-db">
         <path>C:\ti\ccs1220\ccs\tools\compiler\ti-cgt-arm_20.2.7.LTS\lib\</path>
         <kind>archive</kind>
         <file>rtsv7M4_T_le_eabi.lib</file>
         <name>copy_zero_init.c.obj</name>
      </input_file>
      <input_file id="fl-dc">
         <path>C:\ti\ccs1220\ccs\tools\compiler\ti-cgt-arm_20.2.7.LTS\lib\</path>
         <kind>archive</kind>
         <file>rtsv7M4_T_le_eabi.lib</file>
         <name>copy_decompress_none.c.obj</name>
      </input_file>
      <input_file id="fl-dd">
         <path>C:\ti\ccs1220\ccs\tools\compiler\ti-cgt-arm_20.2.7.LTS\lib\</path>
         <kind>archive</kind>
         <file>rtsv7M4_T_le_eabi.lib</file>
         <name>copy_decompress_lzss.c.obj</name>
      </input_file>
      <input_file id="fl-de">
         <path>C:\ti\ccs1220\ccs\tools\compiler\ti-cgt-arm_20.2.7.LTS\lib\</path>
         <kind>archive</kind>
         <file>rtsv7M4_T_le_eabi.lib</file>
         <name>memory.c.obj</name>
      </input_file>
      <input_file id="fl-df">
         <path>C:\ti\ccs1220\ccs\tools\compiler\ti-cgt-arm_20.2.7.LTS\lib\</path>
         <kind>archive</kind>
         <file>rtsv7M4_T_le_eabi.lib</file>
         <name>boot_cortex_m.c.obj</name>
      </input_file>
      <input_file id="fl-e0">
         <path>C:\ti\ccs1220\ccs\tools\compiler\ti-cgt-arm_20.2.7.LTS\lib\</path>
         <kind>archive</kind>
         <file>rtsv7M4_T_le_eabi.lib</file>
         <name>div0.asm.obj</name>
      </input_file>
      <input_file id="fl-e1">
         <path>C:\ti\ccs1220\ccs\tools\compiler\ti-cgt-arm_20.2.7.LTS\lib\</path>
         <kind>archive</kind>
         <file>rtsv7M4_T_le_eabi.lib</file>
         <name>memset_t2.asm.obj</name>
      </input_file>
      <input_file id="fl-e2">
         <path>C:\ti\ccs1220\ccs\tools\compiler\ti-cgt-arm_20.2.7.LTS\lib\</path>
         <kind>archive</kind>
         <file>rtsv7M4_T_le_eabi.lib</file>
         <name>autoinit.c.obj</name>
      </input_file>
      <input_file id="fl-e3">
         <path>C:\ti\ccs1220\ccs\tools\compiler\ti-cgt-arm_20.2.7.LTS\lib\</path>
         <kind>archive</kind>
         <file>rtsv7M4_T_le_eabi.lib</file>
         <name>pre_init.c.obj</name>
      </input_file>
      <input_file id="fl-e4">
         <path>C:\ti\ccs1220\ccs\tools\compiler\ti-cgt-arm_20.2.7.LTS\lib\</path>
         <kind>archive</kind>
         <file>rtsv7M4_T_le_eabi.lib</file>
         <name>cpy_tbl.c.obj</name>
      </input_file>
      <input_file id="fl-e5">
         <path>C:\ti\ccs1220\ccs\tools\compiler\ti-cgt-arm_20.2.7.LTS\lib\</path>
         <kind>archive</kind>
         <file>rtsv7M4_T_le_eabi.lib</file>
         <name>exit.c.obj</name>
      </input_file>
      <input_file id="fl-e6">
         <path>C:\ti\ccs1220\ccs\tools\compiler\ti-cgt-arm_20.2.7.LTS\lib\</path>
         <kind>archive</kind>
         <file>rtsv7M4_T_le_eabi.lib</file>
         <name>_lock.c.obj</name>
      </input_file>
      <input_file id="fl-e7">
         <path>C:\ti\ccs1220\ccs\tools\compiler\ti-cgt-arm_20.2.7.LTS\lib\</path>
         <kind>archive</kind>
         <file>rtsv7M4_T_le_eabi.lib</file>
         <name>args_main.c.obj</name>
      </input_file>
   </input_file_list>
   <object_component_list>
      <object_component id="oc-1ba">
         <name>.text:PRCMCC3200MCUInit</name>
         <load_address>0x2000c040</load_address>
         <run_address>0x2000c040</run_address>
         <size>0x42c</size>
         <input_file_ref idref="fl-1f"/>
      </object_component>
      <object_component id="oc-1d4">
         <name>.text:GPIO_setConfig</name>
         <load_address>0x2000c46c</load_address>
         <run_address>0x2000c46c</run_address>
         <size>0x1e4</size>
         <input_file_ref idref="fl-f"/>
      </object_component>
      <object_component id="oc-38a">
         <name>.text:PowerCC32XX_sleepPolicy</name>
         <load_address>0x2000c650</load_address>
         <run_address>0x2000c650</run_address>
         <size>0x19c</size>
         <input_file_ref idref="fl-18"/>
      </object_component>
      <object_component id="oc-15e">
         <name>.text:mainThread</name>
         <load_address>0x2000c7ec</load_address>
         <run_address>0x2000c7ec</run_address>
         <size>0x180</size>
         <input_file_ref idref="fl-2"/>
      </object_component>
      <object_component id="oc-531">
         <name>.text:parkPins</name>
         <load_address>0x2000c96c</load_address>
         <run_address>0x2000c96c</run_address>
         <size>0x148</size>
         <input_file_ref idref="fl-10"/>
      </object_component>
      <object_component id="oc-48b">
         <name>.text:Power_sleep</name>
         <load_address>0x2000cab4</load_address>
         <run_address>0x2000cab4</run_address>
         <size>0x138</size>
         <input_file_ref idref="fl-10"/>
      </object_component>
      <object_component id="oc-5a2">
         <name>.text:TimerCC32XX_open</name>
         <load_address>0x2000cbec</load_address>
         <run_address>0x2000cbec</run_address>
         <size>0x128</size>
         <input_file_ref idref="fl-12"/>
      </object_component>
      <object_component id="oc-4ea">
         <name>.text:aligned_alloc</name>
         <load_address>0x2000cd14</load_address>
         <run_address>0x2000cd14</run_address>
         <size>0x100</size>
         <input_file_ref idref="fl-de"/>
      </object_component>
      <object_component id="oc-3a6">
         <name>.text:free</name>
         <load_address>0x2000ce14</load_address>
         <run_address>0x2000ce14</run_address>
         <size>0xe4</size>
         <input_file_ref idref="fl-de"/>
      </object_component>
      <object_component id="oc-1ce">
         <name>.text:GPIO_init</name>
         <load_address>0x2000cef8</load_address>
         <run_address>0x2000cef8</run_address>
         <size>0xc4</size>
         <input_file_ref idref="fl-f"/>
      </object_component>
      <object_component id="oc-54e">
         <name>.text:restoreParkedPins</name>
         <load_address>0x2000cfbc</load_address>
         <run_address>0x2000cfbc</run_address>
         <size>0xc0</size>
         <input_file_ref idref="fl-10"/>
      </object_component>
      <object_component id="oc-b5">
         <name>.text:IntEnable</name>
         <load_address>0x2000d07c</load_address>
         <run_address>0x2000d07c</run_address>
         <size>0xa8</size>
         <input_file_ref idref="fl-1d"/>
      </object_component>
      <object_component id="oc-295">
         <name>.text:PowerCC32XX_configureWakeup</name>
         <load_address>0x2000d124</load_address>
         <run_address>0x2000d124</run_address>
         <size>0xa8</size>
         <input_file_ref idref="fl-10"/>
      </object_component>
      <object_component id="oc-2bb">
         <name>.text:SemaphoreP_pend</name>
         <load_address>0x2000d1cc</load_address>
         <run_address>0x2000d1cc</run_address>
         <size>0xa0</size>
         <input_file_ref idref="fl-15"/>
      </object_component>
      <object_component id="oc-3b">
         <name>.text</name>
         <load_address>0x2000d26c</load_address>
         <run_address>0x2000d26c</run_address>
         <size>0x9c</size>
         <input_file_ref idref="fl-d9"/>
      </object_component>
      <object_component id="oc-2d7">
         <name>.text:powerNotifyFxn</name>
         <load_address>0x2000d308</load_address>
         <run_address>0x2000d308</run_address>
         <size>0x98</size>
         <input_file_ref idref="fl-f"/>
      </object_component>
      <object_component id="oc-486">
         <name>.text</name>
         <load_address>0x2000d3a0</load_address>
         <run_address>0x2000d3a0</run_address>
         <size>0x96</size>
         <input_file_ref idref="fl-da"/>
      </object_component>
      <object_component id="oc-1c6">
         <name>.text:Board_initHook</name>
         <load_address>0x2000d436</load_address>
         <run_address>0x2000d436</run_address>
         <size>0x2</size>
         <input_file_ref idref="fl-3"/>
      </object_component>
      <object_component id="oc-542">
         <name>.text:restoreNVICRegs</name>
         <load_address>0x2000d438</load_address>
         <run_address>0x2000d438</run_address>
         <size>0x90</size>
         <input_file_ref idref="fl-10"/>
      </object_component>
      <object_component id="oc-407">
         <name>.text:HwiP_construct</name>
         <load_address>0x2000d4c8</load_address>
         <run_address>0x2000d4c8</run_address>
         <size>0x8c</size>
         <input_file_ref idref="fl-17"/>
      </object_component>
      <object_component id="oc-60a">
         <name>.text:IntPendSet</name>
         <load_address>0x2000d554</load_address>
         <run_address>0x2000d554</run_address>
         <size>0x88</size>
         <input_file_ref idref="fl-1d"/>
      </object_component>
      <object_component id="oc-2e1">
         <name>.text:PinConfigSet</name>
         <load_address>0x2000d5dc</load_address>
         <run_address>0x2000d5dc</run_address>
         <size>0x88</size>
         <input_file_ref idref="fl-1e"/>
      </object_component>
      <object_component id="oc-5a8">
         <name>.text:TimerCC32XX_setPeriod</name>
         <load_address>0x2000d664</load_address>
         <run_address>0x2000d664</run_address>
         <size>0x88</size>
         <input_file_ref idref="fl-12"/>
      </object_component>
      <object_component id="oc-1c0">
         <name>.text:Power_init</name>
         <load_address>0x2000d6ec</load_address>
         <run_address>0x2000d6ec</run_address>
         <size>0x84</size>
         <input_file_ref idref="fl-10"/>
      </object_component>
      <object_component id="oc-537">
         <name>.text:saveNVICRegs</name>
         <load_address>0x2000d770</load_address>
         <run_address>0x2000d770</run_address>
         <size>0x84</size>
         <input_file_ref idref="fl-10"/>
      </object_component>
      <object_component id="oc-2e7">
         <name>.text:Power_setDependency</name>
         <load_address>0x2000d7f4</load_address>
         <run_address>0x2000d7f4</run_address>
         <size>0x80</size>
         <input_file_ref idref="fl-10"/>
      </object_component>
      <object_component id="oc-30b">
         <name>.text:GPIO_hwiIntFxn</name>
         <load_address>0x2000d874</load_address>
         <run_address>0x2000d874</run_address>
         <size>0x78</size>
         <input_file_ref idref="fl-f"/>
      </object_component>
      <object_component id="oc-5ae">
         <name>.text:TimerCC32XX_start</name>
         <load_address>0x2000d8ec</load_address>
         <run_address>0x2000d8ec</run_address>
         <size>0x78</size>
         <input_file_ref idref="fl-12"/>
      </object_component>
      <object_component id="oc-204">
         <name>.text:flash_ok</name>
         <load_address>0x2000d964</load_address>
         <run_address>0x2000d964</run_address>
         <size>0x76</size>
         <input_file_ref idref="fl-2"/>
      </object_component>
      <object_component id="oc-384">
         <name>.text:PowerCC32XX_initPolicy</name>
         <load_address>0x2000d9da</load_address>
         <run_address>0x2000d9da</run_address>
         <size>0x2</size>
         <input_file_ref idref="fl-18"/>
      </object_component>
      <object_component id="oc-1fe">
         <name>.text:flash_sos</name>
         <load_address>0x2000d9dc</load_address>
         <run_address>0x2000d9dc</run_address>
         <size>0x72</size>
         <input_file_ref idref="fl-2"/>
      </object_component>
      <object_component id="oc-59c">
         <name>.text:TimerCC32XX_init</name>
         <load_address>0x2000da4e</load_address>
         <run_address>0x2000da4e</run_address>
         <size>0x2</size>
         <input_file_ref idref="fl-12"/>
      </object_component>
      <object_component id="oc-57e">
         <name>.text:split</name>
         <load_address>0x2000da50</load_address>
         <run_address>0x2000da50</run_address>
         <size>0x70</size>
         <input_file_ref idref="fl-de"/>
      </object_component>
      <object_component id="oc-14">
         <name>.text:decompress:lzss:__TI_decompress_lzss</name>
         <load_address>0x2000dac0</load_address>
         <run_address>0x2000dac0</run_address>
         <size>0x68</size>
         <input_file_ref idref="fl-dd"/>
      </object_component>
      <object_component id="oc-3f5">
         <name>.text:PowerCC32XX_setParkState</name>
         <load_address>0x2000db28</load_address>
         <run_address>0x2000db28</run_address>
         <size>0x64</size>
         <input_file_ref idref="fl-10"/>
      </object_component>
      <object_component id="oc-263">
         <name>.text:PRCMSysResetCauseGet</name>
         <load_address>0x2000db8c</load_address>
         <run_address>0x2000db8c</run_address>
         <size>0x60</size>
         <input_file_ref idref="fl-1f"/>
      </object_component>
      <object_component id="oc-1e0">
         <name>.text:GPIO_setCallback</name>
         <load_address>0x2000dbec</load_address>
         <run_address>0x2000dbec</run_address>
         <size>0x5c</size>
         <input_file_ref idref="fl-f"/>
      </object_component>
      <object_component id="oc-5ca">
         <name>.text:sysTickInit</name>
         <load_address>0x2000dc48</load_address>
         <run_address>0x2000dc48</run_address>
         <size>0x5c</size>
         <input_file_ref idref="fl-16"/>
      </object_component>
      <object_component id="oc-1da">
         <name>.text:GPIO_write</name>
         <load_address>0x2000dca4</load_address>
         <run_address>0x2000dca4</run_address>
         <size>0x58</size>
         <input_file_ref idref="fl-f"/>
      </object_component>
      <object_component id="oc-27c">
         <name>.text:PRCMPeripheralReset</name>
         <load_address>0x2000dcfc</load_address>
         <run_address>0x2000dcfc</run_address>
         <size>0x58</size>
         <input_file_ref idref="fl-1f"/>
      </object_component>
      <object_component id="oc-6ad">
         <name>.text:Power_releaseDependency</name>
         <load_address>0x2000dd54</load_address>
         <run_address>0x2000dd54</run_address>
         <size>0x58</size>
         <input_file_ref idref="fl-10"/>
      </object_component>
      <object_component id="oc-5b4">
         <name>.text:TimerCC32XX_stop</name>
         <load_address>0x2000ddac</load_address>
         <run_address>0x2000ddac</run_address>
         <size>0x56</size>
         <input_file_ref idref="fl-12"/>
      </object_component>
      <object_component id="oc-5e7">
         <name>.text:PowerCC32XX_resumeLPDS</name>
         <load_address>0x2000de02</load_address>
         <run_address>0x2000de02</run_address>
         <size>0x52</size>
         <input_file_ref idref="fl-11"/>
      </object_component>
      <object_component id="oc-644">
         <name>.text:initHw</name>
         <load_address>0x2000de54</load_address>
         <run_address>0x2000de54</run_address>
         <size>0x52</size>
         <input_file_ref idref="fl-12"/>
      </object_component>
      <object_component id="oc-351">
         <name>.text:_nop</name>
         <load_address>0x2000dea6</load_address>
         <run_address>0x2000dea6</run_address>
         <size>0x2</size>
         <input_file_ref idref="fl-e6"/>
      </object_component>
      <object_component id="oc-79">
         <name>.text:ClockP_sysTickHandler</name>
         <load_address>0x2000dea8</load_address>
         <run_address>0x2000dea8</run_address>
         <size>0x50</size>
         <input_file_ref idref="fl-16"/>
      </object_component>
      <object_component id="oc-4ac">
         <name>.text:SemaphoreP_construct</name>
         <load_address>0x2000def8</load_address>
         <run_address>0x2000def8</run_address>
         <size>0x50</size>
         <input_file_ref idref="fl-15"/>
      </object_component>
      <object_component id="oc-638">
         <name>.text:TimerCC32XX_allocateTimerResource</name>
         <load_address>0x2000df48</load_address>
         <run_address>0x2000df48</run_address>
         <size>0x50</size>
         <input_file_ref idref="fl-12"/>
      </object_component>
      <object_component id="oc-1ec">
         <name>.text:initTimer</name>
         <load_address>0x2000df98</load_address>
         <run_address>0x2000df98</run_address>
         <size>0x50</size>
         <input_file_ref idref="fl-2"/>
      </object_component>
      <object_component id="oc-1e6">
         <name>.text:GPIO_enableInt</name>
         <load_address>0x2000dfe8</load_address>
         <run_address>0x2000dfe8</run_address>
         <size>0x4c</size>
         <input_file_ref idref="fl-f"/>
      </object_component>
      <object_component id="oc-5de">
         <name>.text:PowerCC32XX_parkPin</name>
         <load_address>0x2000e034</load_address>
         <run_address>0x2000e034</run_address>
         <size>0x4c</size>
         <input_file_ref idref="fl-10"/>
      </object_component>
      <object_component id="oc-548">
         <name>.text:restorePeriphClocks</name>
         <load_address>0x2000e080</load_address>
         <run_address>0x2000e080</run_address>
         <size>0x4c</size>
         <input_file_ref idref="fl-10"/>
      </object_component>
      <object_component id="oc-602">
         <name>.text:FlashDisable</name>
         <load_address>0x2000e0cc</load_address>
         <run_address>0x2000e0cc</run_address>
         <size>0x48</size>
         <input_file_ref idref="fl-22"/>
      </object_component>
      <object_component id="oc-554">
         <name>.text:PRCMLPDSEnter</name>
         <load_address>0x2000e114</load_address>
         <run_address>0x2000e114</run_address>
         <size>0x48</size>
         <input_file_ref idref="fl-1f"/>
      </object_component>
      <object_component id="oc-276">
         <name>.text:PRCMPeripheralClkEnable</name>
         <load_address>0x2000e15c</load_address>
         <run_address>0x2000e15c</run_address>
         <size>0x48</size>
         <input_file_ref idref="fl-1f"/>
      </object_component>
      <object_component id="oc-683">
         <name>.text:Power_releaseConstraint</name>
         <load_address>0x2000e1a4</load_address>
         <run_address>0x2000e1a4</run_address>
         <size>0x48</size>
         <input_file_ref idref="fl-10"/>
      </object_component>
      <object_component id="oc-63e">
         <name>.text:getPrescaler</name>
         <load_address>0x2000e1ec</load_address>
         <run_address>0x2000e1ec</run_address>
         <size>0x46</size>
         <input_file_ref idref="fl-12"/>
      </object_component>
      <object_component id="oc-73">
         <name>.text:busFaultHandler</name>
         <load_address>0x2000e232</load_address>
         <run_address>0x2000e232</run_address>
         <size>0x2</size>
         <input_file_ref idref="fl-19"/>
      </object_component>
      <object_component id="oc-4d4">
         <name>.text:ClockP_stop</name>
         <load_address>0x2000e234</load_address>
         <run_address>0x2000e234</run_address>
         <size>0x44</size>
         <input_file_ref idref="fl-16"/>
      </object_component>
      <object_component id="oc-5ec">
         <name>.text:PRCMLPDSRestoreInfoSet</name>
         <load_address>0x2000e278</load_address>
         <run_address>0x2000e278</run_address>
         <size>0x44</size>
         <input_file_ref idref="fl-1f"/>
      </object_component>
      <object_component id="oc-53d">
         <name>.text:PowerCC32XX_enterLPDS</name>
         <load_address>0x2000e2bc</load_address>
         <run_address>0x2000e2bc</run_address>
         <size>0x44</size>
         <input_file_ref idref="fl-11"/>
      </object_component>
      <object_component id="oc-2c7">
         <name>.text:SemaphoreP_post</name>
         <load_address>0x2000e300</load_address>
         <run_address>0x2000e300</run_address>
         <size>0x44</size>
         <input_file_ref idref="fl-15"/>
      </object_component>
      <object_component id="oc-49c">
         <name>.text:SwiP_restore</name>
         <load_address>0x2000e344</load_address>
         <run_address>0x2000e344</run_address>
         <size>0x44</size>
         <input_file_ref idref="fl-1a"/>
      </object_component>
      <object_component id="oc-31c">
         <name>.text:Timer_init</name>
         <load_address>0x2000e388</load_address>
         <run_address>0x2000e388</run_address>
         <size>0x44</size>
         <input_file_ref idref="fl-e"/>
      </object_component>
      <object_component id="oc-171">
         <name>.text:__TI_auto_init_nobinit_nopinit:__TI_auto_init_nobinit_nopinit</name>
         <load_address>0x2000e3cc</load_address>
         <run_address>0x2000e3cc</run_address>
         <size>0x44</size>
         <input_file_ref idref="fl-e2"/>
      </object_component>
      <object_component id="oc-28e">
         <name>.text:PinModeSet</name>
         <load_address>0x2000e410</load_address>
         <run_address>0x2000e410</run_address>
         <size>0x40</size>
         <input_file_ref idref="fl-1e"/>
      </object_component>
      <object_component id="oc-328">
         <name>.text:Timer_open</name>
         <load_address>0x2000e450</load_address>
         <run_address>0x2000e450</run_address>
         <size>0x40</size>
         <input_file_ref idref="fl-e"/>
      </object_component>
      <object_component id="oc-3c5">
         <name>.text:ClockP_destruct</name>
         <load_address>0x2000e490</load_address>
         <run_address>0x2000e490</run_address>
         <size>0x3c</size>
         <input_file_ref idref="fl-16"/>
      </object_component>
      <object_component id="oc-66a">
         <name>.text:Power_setConstraint</name>
         <load_address>0x2000e4cc</load_address>
         <run_address>0x2000e4cc</run_address>
         <size>0x3c</size>
         <input_file_ref idref="fl-10"/>
      </object_component>
      <object_component id="oc-58a">
         <name>.text:TimerCC32XX_close</name>
         <load_address>0x2000e508</load_address>
         <run_address>0x2000e508</run_address>
         <size>0x3a</size>
         <input_file_ref idref="fl-12"/>
      </object_component>
      <object_component id="oc-480">
         <name>.text:getCountsRTC</name>
         <load_address>0x2000e542</load_address>
         <run_address>0x2000e542</run_address>
         <size>0x3a</size>
         <input_file_ref idref="fl-18"/>
      </object_component>
      <object_component id="oc-55a">
         <name>.text:PRCMLPDSEnterKeepDebugIf</name>
         <load_address>0x2000e57c</load_address>
         <run_address>0x2000e57c</run_address>
         <size>0x38</size>
         <input_file_ref idref="fl-1f"/>
      </object_component>
      <object_component id="oc-650">
         <name>.text:TimerCC32XX_hwiIntFunction</name>
         <load_address>0x2000e5b4</load_address>
         <run_address>0x2000e5b4</run_address>
         <size>0x38</size>
         <input_file_ref idref="fl-12"/>
      </object_component>
      <object_component id="oc-db">
         <name>.text:addToList</name>
         <load_address>0x2000e5ec</load_address>
         <run_address>0x2000e5ec</run_address>
         <size>0x38</size>
         <input_file_ref idref="fl-16"/>
      </object_component>
      <object_component id="oc-59">
         <name>.text:initVectors</name>
         <load_address>0x2000e624</load_address>
         <run_address>0x2000e624</run_address>
         <size>0x38</size>
         <input_file_ref idref="fl-19"/>
      </object_component>
      <object_component id="oc-52b">
         <name>.text:notify</name>
         <load_address>0x2000e65c</load_address>
         <run_address>0x2000e65c</run_address>
         <size>0x38</size>
         <input_file_ref idref="fl-10"/>
      </object_component>
      <object_component id="oc-6b9">
         <name>.text:TimerControlStall</name>
         <load_address>0x2000e694</load_address>
         <run_address>0x2000e694</run_address>
         <size>0x36</size>
         <input_file_ref idref="fl-20"/>
      </object_component>
      <object_component id="oc-3cb">
         <name>.text:clkFxn</name>
         <load_address>0x2000e6ca</load_address>
         <run_address>0x2000e6ca</run_address>
         <size>0x2</size>
         <input_file_ref idref="fl-15"/>
      </object_component>
      <object_component id="oc-46e">
         <name>.text:ClockP_getTicksUntilInterrupt</name>
         <load_address>0x2000e6cc</load_address>
         <run_address>0x2000e6cc</run_address>
         <size>0x34</size>
         <input_file_ref idref="fl-16"/>
      </object_component>
      <object_component id="oc-51c">
         <name>.text:ClockP_startup</name>
         <load_address>0x2000e700</load_address>
         <run_address>0x2000e700</run_address>
         <size>0x34</size>
         <input_file_ref idref="fl-16"/>
      </object_component>
      <object_component id="oc-288">
         <name>.text:PinModeGet</name>
         <load_address>0x2000e734</load_address>
         <run_address>0x2000e734</run_address>
         <size>0x34</size>
         <input_file_ref idref="fl-1e"/>
      </object_component>
      <object_component id="oc-62e">
         <name>.text:TimerCC32XX_freeTimerResource</name>
         <load_address>0x2000e768</load_address>
         <run_address>0x2000e768</run_address>
         <size>0x34</size>
         <input_file_ref idref="fl-12"/>
      </object_component>
      <object_component id="oc-6a7">
         <name>.text:getPowerMgrId</name>
         <load_address>0x2000e79c</load_address>
         <run_address>0x2000e79c</run_address>
         <size>0x34</size>
         <input_file_ref idref="fl-12"/>
      </object_component>
      <object_component id="oc-3b3">
         <name>.text:ClockP_start</name>
         <load_address>0x2000e7d0</load_address>
         <run_address>0x2000e7d0</run_address>
         <size>0x30</size>
         <input_file_ref idref="fl-16"/>
      </object_component>
      <object_component id="oc-5fb">
         <name>.text:PowerCC32XX_restoreParkedPin</name>
         <load_address>0x2000e800</load_address>
         <run_address>0x2000e800</run_address>
         <size>0x30</size>
         <input_file_ref idref="fl-10"/>
      </object_component>
      <object_component id="oc-2f3">
         <name>.text:HwiP_create</name>
         <load_address>0x2000e830</load_address>
         <run_address>0x2000e830</run_address>
         <size>0x2a</size>
         <input_file_ref idref="fl-17"/>
      </object_component>
      <object_component id="oc-65d">
         <name>.text:TimerLoadSet</name>
         <load_address>0x2000e85a</load_address>
         <run_address>0x2000e85a</run_address>
         <size>0x2a</size>
         <input_file_ref idref="fl-20"/>
      </object_component>
      <object_component id="oc-657">
         <name>.text:TimerPrescaleSet</name>
         <load_address>0x2000e884</load_address>
         <run_address>0x2000e884</run_address>
         <size>0x2a</size>
         <input_file_ref idref="fl-20"/>
      </object_component>
      <object_component id="oc-6d">
         <name>.text:defaultHandler</name>
         <load_address>0x2000e8ae</load_address>
         <run_address>0x2000e8ae</run_address>
         <size>0x2</size>
         <input_file_ref idref="fl-19"/>
      </object_component>
      <object_component id="oc-282">
         <name>.text:PRCMPeripheralClkDisable</name>
         <load_address>0x2000e8b0</load_address>
         <run_address>0x2000e8b0</run_address>
         <size>0x28</size>
         <input_file_ref idref="fl-1f"/>
      </object_component>
      <object_component id="oc-2c1">
         <name>.text:Power_registerNotify</name>
         <load_address>0x2000e8d8</load_address>
         <run_address>0x2000e8d8</run_address>
         <size>0x28</size>
         <input_file_ref idref="fl-10"/>
      </object_component>
      <object_component id="oc-4cc">
         <name>.text:free_list_insert</name>
         <load_address>0x2000e900</load_address>
         <run_address>0x2000e900</run_address>
         <size>0x28</size>
         <input_file_ref idref="fl-de"/>
      </object_component>
      <object_component id="oc-3d5">
         <name>.text:List_put</name>
         <load_address>0x2000e928</load_address>
         <run_address>0x2000e928</run_address>
         <size>0x26</size>
         <input_file_ref idref="fl-13"/>
      </object_component>
      <object_component id="oc-698">
         <name>.text:List_remove</name>
         <load_address>0x2000e94e</load_address>
         <run_address>0x2000e94e</run_address>
         <size>0x26</size>
         <input_file_ref idref="fl-13"/>
      </object_component>
      <object_component id="oc-4f4">
         <name>.text:HwiP_dispatch</name>
         <load_address>0x2000e974</load_address>
         <run_address>0x2000e974</run_address>
         <size>0x24</size>
         <input_file_ref idref="fl-17"/>
      </object_component>
      <object_component id="oc-c5">
         <name>.text:_c_int00_noargs:_c_int00_noargs</name>
         <load_address>0x2000e998</load_address>
         <run_address>0x2000e998</run_address>
         <size>0x24</size>
         <input_file_ref idref="fl-df"/>
      </object_component>
      <object_component id="oc-6a0">
         <name>.text:HwiP_destruct</name>
         <load_address>0x2000e9bc</load_address>
         <run_address>0x2000e9bc</run_address>
         <size>0x20</size>
         <input_file_ref idref="fl-17"/>
      </object_component>
      <object_component id="oc-61c">
         <name>.text:Power_unregisterNotify</name>
         <load_address>0x2000e9dc</load_address>
         <run_address>0x2000e9dc</run_address>
         <size>0x20</size>
         <input_file_ref idref="fl-10"/>
      </object_component>
      <object_component id="oc-677">
         <name>.text:TimerDisable</name>
         <load_address>0x2000e9fc</load_address>
         <run_address>0x2000e9fc</run_address>
         <size>0x1e</size>
         <input_file_ref idref="fl-20"/>
      </object_component>
      <object_component id="oc-670">
         <name>.text:TimerEnable</name>
         <load_address>0x2000ea1a</load_address>
         <run_address>0x2000ea1a</run_address>
         <size>0x1e</size>
         <input_file_ref idref="fl-20"/>
      </object_component>
      <object_component id="oc-5d8">
         <name>.text:PinToPadGet</name>
         <load_address>0x2000ea38</load_address>
         <run_address>0x2000ea38</run_address>
         <size>0x1c</size>
         <input_file_ref idref="fl-1e"/>
      </object_component>
      <object_component id="oc-462">
         <name>.text:SwiP_disable</name>
         <load_address>0x2000ea54</load_address>
         <run_address>0x2000ea54</run_address>
         <size>0x1c</size>
         <input_file_ref idref="fl-1a"/>
      </object_component>
      <object_component id="oc-47">
         <name>.text:decompress:ZI:__TI_zero_init_nomemset:__TI_zero_init_nomemset</name>
         <load_address>0x2000ea70</load_address>
         <run_address>0x2000ea70</run_address>
         <size>0x1c</size>
         <input_file_ref idref="fl-db"/>
      </object_component>
      <object_component id="oc-4c6">
         <name>.text:free_list_remove</name>
         <load_address>0x2000ea8c</load_address>
         <run_address>0x2000ea8c</run_address>
         <size>0x1c</size>
         <input_file_ref idref="fl-de"/>
      </object_component>
      <object_component id="oc-2a3">
         <name>.text:SemaphoreP_createBinary</name>
         <load_address>0x2000eaa8</load_address>
         <run_address>0x2000eaa8</run_address>
         <size>0x1a</size>
         <input_file_ref idref="fl-15"/>
      </object_component>
      <object_component id="oc-67">
         <name>.text:faultISR</name>
         <load_address>0x2000eac2</load_address>
         <run_address>0x2000eac2</run_address>
         <size>0x2</size>
         <input_file_ref idref="fl-19"/>
      </object_component>
      <object_component id="oc-21">
         <name>.text:resetISR</name>
         <load_address>0x2000eac4</load_address>
         <run_address>0x2000eac4</run_address>
         <size>0x1a</size>
         <input_file_ref idref="fl-19"/>
      </object_component>
      <object_component id="oc-61">
         <name>.text:nmiISR</name>
         <load_address>0x2000eade</load_address>
         <run_address>0x2000eade</run_address>
         <size>0x2</size>
         <input_file_ref idref="fl-19"/>
      </object_component>
      <object_component id="oc-474">
         <name>.text:Power_getTransitionLatency</name>
         <load_address>0x2000eae0</load_address>
         <run_address>0x2000eae0</run_address>
         <size>0x18</size>
         <input_file_ref idref="fl-10"/>
      </object_component>
      <object_component id="oc-56d">
         <name>.text:Power_idleFunc</name>
         <load_address>0x2000eaf8</load_address>
         <run_address>0x2000eaf8</run_address>
         <size>0x18</size>
         <input_file_ref idref="fl-10"/>
      </object_component>
      <object_component id="oc-596">
         <name>.text:TimerCC32XX_getCount</name>
         <load_address>0x2000eb10</load_address>
         <run_address>0x2000eb10</run_address>
         <size>0x18</size>
         <input_file_ref idref="fl-12"/>
      </object_component>
      <object_component id="oc-67d">
         <name>.text:TimerIntDisable</name>
         <load_address>0x2000eb28</load_address>
         <run_address>0x2000eb28</run_address>
         <size>0x18</size>
         <input_file_ref idref="fl-20"/>
      </object_component>
      <object_component id="oc-664">
         <name>.text:TimerIntEnable</name>
         <load_address>0x2000eb40</load_address>
         <run_address>0x2000eb40</run_address>
         <size>0x18</size>
         <input_file_ref idref="fl-20"/>
      </object_component>
      <object_component id="oc-20d">
         <name>.text:gpioButtonFxn0</name>
         <load_address>0x2000eb58</load_address>
         <run_address>0x2000eb58</run_address>
         <size>0x18</size>
         <input_file_ref idref="fl-2"/>
      </object_component>
      <object_component id="oc-213">
         <name>.text:gpioButtonFxn1</name>
         <load_address>0x2000eb70</load_address>
         <run_address>0x2000eb70</run_address>
         <size>0x18</size>
         <input_file_ref idref="fl-2"/>
      </object_component>
      <object_component id="oc-491">
         <name>.text</name>
         <load_address>0x2000eb88</load_address>
         <run_address>0x2000eb88</run_address>
         <size>0x18</size>
         <input_file_ref idref="fl-d8"/>
      </object_component>
      <object_component id="oc-334">
         <name>.text:timerCallback</name>
         <load_address>0x2000eba0</load_address>
         <run_address>0x2000eba0</run_address>
         <size>0x18</size>
         <input_file_ref idref="fl-2"/>
      </object_component>
      <object_component id="oc-270">
         <name>.text:PRCMHIBRegRead</name>
         <load_address>0x2000ebb8</load_address>
         <run_address>0x2000ebb8</run_address>
         <size>0x16</size>
         <input_file_ref idref="fl-1f"/>
      </object_component>
      <object_component id="oc-26a">
         <name>.text:PRCMHIBRegWrite</name>
         <load_address>0x2000ebce</load_address>
         <run_address>0x2000ebce</run_address>
         <size>0x16</size>
         <input_file_ref idref="fl-1f"/>
      </object_component>
      <object_component id="oc-39b">
         <name>.text:SemaphoreP_create</name>
         <load_address>0x2000ebe4</load_address>
         <run_address>0x2000ebe4</run_address>
         <size>0x16</size>
         <input_file_ref idref="fl-15"/>
      </object_component>
      <object_component id="oc-a3">
         <name>.text:CPUcpsid</name>
         <load_address>0x2000ebfa</load_address>
         <run_address>0x2000ebfa</run_address>
         <size>0x14</size>
         <input_file_ref idref="fl-1c"/>
      </object_component>
      <object_component id="oc-525">
         <name>.text</name>
         <load_address>0x2000ec0e</load_address>
         <run_address>0x2000ec0e</run_address>
         <size>0x2</size>
         <input_file_ref idref="fl-e0"/>
      </object_component>
      <object_component id="oc-3dc">
         <name>.text:HwiP_inISR</name>
         <load_address>0x2000ec10</load_address>
         <run_address>0x2000ec10</run_address>
         <size>0x14</size>
         <input_file_ref idref="fl-17"/>
      </object_component>
      <object_component id="oc-af">
         <name>.text:IntVTableBaseSet</name>
         <load_address>0x2000ec24</load_address>
         <run_address>0x2000ec24</run_address>
         <size>0x14</size>
         <input_file_ref idref="fl-1d"/>
      </object_component>
      <object_component id="oc-3e2">
         <name>.text:Power_disablePolicy</name>
         <load_address>0x2000ec38</load_address>
         <run_address>0x2000ec38</run_address>
         <size>0x14</size>
         <input_file_ref idref="fl-10"/>
      </object_component>
      <object_component id="oc-5f4">
         <name>.text:Power_getDependencyCount</name>
         <load_address>0x2000ec4c</load_address>
         <run_address>0x2000ec4c</run_address>
         <size>0x14</size>
         <input_file_ref idref="fl-10"/>
      </object_component>
      <object_component id="oc-1f2">
         <name>.text:both_lights</name>
         <load_address>0x2000ec60</load_address>
         <run_address>0x2000ec60</run_address>
         <size>0x14</size>
         <input_file_ref idref="fl-2"/>
      </object_component>
      <object_component id="oc-343">
         <name>.text:green_light_only</name>
         <load_address>0x2000ec74</load_address>
         <run_address>0x2000ec74</run_address>
         <size>0x14</size>
         <input_file_ref idref="fl-2"/>
      </object_component>
      <object_component id="oc-1f8">
         <name>.text:neither_light</name>
         <load_address>0x2000ec88</load_address>
         <run_address>0x2000ec88</run_address>
         <size>0x14</size>
         <input_file_ref idref="fl-2"/>
      </object_component>
      <object_component id="oc-33d">
         <name>.text:red_light_only</name>
         <load_address>0x2000ec9c</load_address>
         <run_address>0x2000ec9c</run_address>
         <size>0x14</size>
         <input_file_ref idref="fl-2"/>
      </object_component>
      <object_component id="oc-2ed">
         <name>.text:HwiP_Params_init</name>
         <load_address>0x2000ecb0</load_address>
         <run_address>0x2000ecb0</run_address>
         <size>0x12</size>
         <input_file_ref idref="fl-17"/>
      </object_component>
      <object_component id="oc-6c1">
         <name>.text:TimerIntClear</name>
         <load_address>0x2000ecc2</load_address>
         <run_address>0x2000ecc2</run_address>
         <size>0x12</size>
         <input_file_ref idref="fl-20"/>
      </object_component>
      <object_component id="oc-11a">
         <name>.text:main</name>
         <load_address>0x2000ecd4</load_address>
         <run_address>0x2000ecd4</run_address>
         <size>0x12</size>
         <input_file_ref idref="fl-4"/>
      </object_component>
      <object_component id="oc-152">
         <name>.text:Board_init</name>
         <load_address>0x2000ece6</load_address>
         <run_address>0x2000ece6</run_address>
         <size>0x10</size>
         <input_file_ref idref="fl-3"/>
      </object_component>
      <object_component id="oc-3ad">
         <name>.text:ClockP_add</name>
         <load_address>0x2000ecf6</load_address>
         <run_address>0x2000ecf6</run_address>
         <size>0x10</size>
         <input_file_ref idref="fl-16"/>
      </object_component>
      <object_component id="oc-45c">
         <name>.text:ClockP_getCpuFreq</name>
         <load_address>0x2000ed08</load_address>
         <run_address>0x2000ed08</run_address>
         <size>0x10</size>
         <input_file_ref idref="fl-16"/>
      </object_component>
      <object_component id="oc-47a">
         <name>.text:ClockP_getSystemTicks</name>
         <load_address>0x2000ed18</load_address>
         <run_address>0x2000ed18</run_address>
         <size>0x10</size>
         <input_file_ref idref="fl-16"/>
      </object_component>
      <object_component id="oc-496">
         <name>.text:ClockP_setTicks</name>
         <load_address>0x2000ed28</load_address>
         <run_address>0x2000ed28</run_address>
         <size>0x10</size>
         <input_file_ref idref="fl-16"/>
      </object_component>
      <object_component id="oc-628">
         <name>.text:HwiP_delete</name>
         <load_address>0x2000ed38</load_address>
         <run_address>0x2000ed38</run_address>
         <size>0x10</size>
         <input_file_ref idref="fl-17"/>
      </object_component>
      <object_component id="oc-2af">
         <name>.text:HwiP_restore</name>
         <load_address>0x2000ed48</load_address>
         <run_address>0x2000ed48</run_address>
         <size>0x10</size>
         <input_file_ref idref="fl-17"/>
      </object_component>
      <object_component id="oc-3b9">
         <name>.text:Power_enablePolicy</name>
         <load_address>0x2000ed58</load_address>
         <run_address>0x2000ed58</run_address>
         <size>0x10</size>
         <input_file_ref idref="fl-10"/>
      </object_component>
      <object_component id="oc-395">
         <name>.text:SemaphoreP_Params_init</name>
         <load_address>0x2000ed68</load_address>
         <run_address>0x2000ed68</run_address>
         <size>0x10</size>
         <input_file_ref idref="fl-15"/>
      </object_component>
      <object_component id="oc-322">
         <name>.text:Timer_Params_init</name>
         <load_address>0x2000ed78</load_address>
         <run_address>0x2000ed78</run_address>
         <size>0x10</size>
         <input_file_ref idref="fl-e"/>
      </object_component>
      <object_component id="oc-622">
         <name>.text:HwiP_clearInterrupt</name>
         <load_address>0x2000ed88</load_address>
         <run_address>0x2000ed88</run_address>
         <size>0xe</size>
         <input_file_ref idref="fl-17"/>
      </object_component>
      <object_component id="oc-2a9">
         <name>.text:HwiP_disable</name>
         <load_address>0x2000ed96</load_address>
         <run_address>0x2000ed96</run_address>
         <size>0xe</size>
         <input_file_ref idref="fl-17"/>
      </object_component>
      <object_component id="oc-158">
         <name>.text:HwiP_enable</name>
         <load_address>0x2000eda4</load_address>
         <run_address>0x2000eda4</run_address>
         <size>0xe</size>
         <input_file_ref idref="fl-17"/>
      </object_component>
      <object_component id="oc-1a">
         <name>.text:decompress:none:__TI_decompress_none</name>
         <load_address>0x2000edb2</load_address>
         <run_address>0x2000edb2</run_address>
         <size>0xe</size>
         <input_file_ref idref="fl-dc"/>
      </object_component>
      <object_component id="oc-468">
         <name>.text:Power_getConstraintMask</name>
         <load_address>0x2000edc0</load_address>
         <run_address>0x2000edc0</run_address>
         <size>0xc</size>
         <input_file_ref idref="fl-10"/>
      </object_component>
      <object_component id="oc-64a">
         <name>.text:postNotifyFxn</name>
         <load_address>0x2000edcc</load_address>
         <run_address>0x2000edcc</run_address>
         <size>0xc</size>
         <input_file_ref idref="fl-12"/>
      </object_component>
      <object_component id="oc-3bf">
         <name>.text:ClockP_isActive</name>
         <load_address>0x2000edd8</load_address>
         <run_address>0x2000edd8</run_address>
         <size>0xa</size>
         <input_file_ref idref="fl-16"/>
      </object_component>
      <object_component id="oc-53">
         <name>.text:IntMasterDisable</name>
         <load_address>0x2000ede2</load_address>
         <run_address>0x2000ede2</run_address>
         <size>0xa</size>
         <input_file_ref idref="fl-1d"/>
      </object_component>
      <object_component id="oc-32e">
         <name>.text:Timer_start</name>
         <load_address>0x2000edec</load_address>
         <run_address>0x2000edec</run_address>
         <size>0xa</size>
         <input_file_ref idref="fl-e"/>
      </object_component>
      <object_component id="oc-401">
         <name>.text:malloc</name>
         <load_address>0x2000edf6</load_address>
         <run_address>0x2000edf6</run_address>
         <size>0x8</size>
         <input_file_ref idref="fl-de"/>
      </object_component>
      <object_component id="oc-590">
         <name>.text:TimerCC32XX_control</name>
         <load_address>0x2000edfe</load_address>
         <run_address>0x2000edfe</run_address>
         <size>0x6</size>
         <input_file_ref idref="fl-12"/>
      </object_component>
      <object_component id="oc-269">
         <name>.text:UtilsDelay</name>
         <load_address>0x2000ee04</load_address>
         <run_address>0x2000ee04</run_address>
         <size>0x6</size>
         <input_file_ref idref="fl-21"/>
      </object_component>
      <object_component id="oc-563">
         <name>.text:HwiP_post</name>
         <load_address>0x2000ee0a</load_address>
         <run_address>0x2000ee0a</run_address>
         <size>0x4</size>
         <input_file_ref idref="fl-17"/>
      </object_component>
      <object_component id="oc-2b5">
         <name>.text:SemaphoreP_delete</name>
         <load_address>0x2000ee0e</load_address>
         <run_address>0x2000ee0e</run_address>
         <size>0x4</size>
         <input_file_ref idref="fl-15"/>
      </object_component>
      <object_component id="oc-114">
         <name>.text:_system_pre_init</name>
         <load_address>0x2000ee12</load_address>
         <run_address>0x2000ee12</run_address>
         <size>0x4</size>
         <input_file_ref idref="fl-e3"/>
      </object_component>
      <object_component id="oc-165">
         <name>.text:abort:abort</name>
         <load_address>0x2000ee16</load_address>
         <run_address>0x2000ee16</run_address>
         <size>0x4</size>
         <input_file_ref idref="fl-e5"/>
      </object_component>
      <object_component id="oc-37a">
         <name>.const:g_ulPinToPadMap</name>
         <load_address>0x2000f3ec</load_address>
         <run_address>0x2000f3ec</run_address>
         <size>0x100</size>
         <input_file_ref idref="fl-1e"/>
      </object_component>
      <object_component id="oc-373">
         <name>.const:PRCM_PeriphRegsList</name>
         <load_address>0x2000f4ec</load_address>
         <run_address>0x2000f4ec</run_address>
         <size>0xa8</size>
         <input_file_ref idref="fl-1f"/>
      </object_component>
      <object_component id="oc-29e">
         <name>.const:PowerCC32XX_config</name>
         <load_address>0x2000f594</load_address>
         <run_address>0x2000f594</run_address>
         <size>0x44</size>
         <input_file_ref idref="fl-3"/>
      </object_component>
      <object_component id="oc-2f9">
         <name>.const:.string:pinTable</name>
         <load_address>0x2000f5d8</load_address>
         <run_address>0x2000f5d8</run_address>
         <size>0x21</size>
         <input_file_ref idref="fl-f"/>
      </object_component>
      <object_component id="oc-502">
         <name>.const:TimerCC32XX_fxnTable</name>
         <load_address>0x2000f5fc</load_address>
         <run_address>0x2000f5fc</run_address>
         <size>0x20</size>
         <input_file_ref idref="fl-12"/>
      </object_component>
      <object_component id="oc-10e">
         <name>.const:g_pulEnRegs</name>
         <load_address>0x2000f61c</load_address>
         <run_address>0x2000f61c</run_address>
         <size>0x18</size>
         <input_file_ref idref="fl-1d"/>
      </object_component>
      <object_component id="oc-694">
         <name>.const:g_pulPendRegs</name>
         <load_address>0x2000f634</load_address>
         <run_address>0x2000f634</run_address>
         <size>0x18</size>
         <input_file_ref idref="fl-1d"/>
      </object_component>
      <object_component id="oc-2d1">
         <name>.const:GPIOCC32XX_config</name>
         <load_address>0x2000f64c</load_address>
         <run_address>0x2000f64c</run_address>
         <size>0x14</size>
         <input_file_ref idref="fl-3"/>
      </object_component>
      <object_component id="oc-314">
         <name>.const:gpioBaseAddresses</name>
         <load_address>0x2000f660</load_address>
         <run_address>0x2000f660</run_address>
         <size>0x14</size>
         <input_file_ref idref="fl-f"/>
      </object_component>
      <object_component id="oc-2fc">
         <name>.const:powerResources</name>
         <load_address>0x2000f674</load_address>
         <run_address>0x2000f674</run_address>
         <size>0x14</size>
         <input_file_ref idref="fl-f"/>
      </object_component>
      <object_component id="oc-506">
         <name>.const:timerCC32XXHWAttrs</name>
         <load_address>0x2000f688</load_address>
         <run_address>0x2000f688</run_address>
         <size>0x10</size>
         <input_file_ref idref="fl-3"/>
      </object_component>
      <object_component id="oc-42c">
         <name>.const:Timer_config</name>
         <load_address>0x2000f698</load_address>
         <run_address>0x2000f698</run_address>
         <size>0xc</size>
         <input_file_ref idref="fl-3"/>
      </object_component>
      <object_component id="oc-430">
         <name>.const:defaultParams</name>
         <load_address>0x2000f6a4</load_address>
         <run_address>0x2000f6a4</run_address>
         <size>0xc</size>
         <input_file_ref idref="fl-e"/>
      </object_component>
      <object_component id="oc-302">
         <name>.const:outPinTypes</name>
         <load_address>0x2000f6b0</load_address>
         <run_address>0x2000f6b0</run_address>
         <size>0x8</size>
         <input_file_ref idref="fl-f"/>
      </object_component>
      <object_component id="oc-311">
         <name>.const:.string:interruptType</name>
         <load_address>0x2000f6b8</load_address>
         <run_address>0x2000f6b8</run_address>
         <size>0x6</size>
         <input_file_ref idref="fl-f"/>
      </object_component>
      <object_component id="oc-305">
         <name>.const:inPinTypes</name>
         <load_address>0x2000f6be</load_address>
         <run_address>0x2000f6be</run_address>
         <size>0x6</size>
         <input_file_ref idref="fl-f"/>
      </object_component>
      <object_component id="oc-2ff">
         <name>.const:outPinStrengths</name>
         <load_address>0x2000f6c4</load_address>
         <run_address>0x2000f6c4</run_address>
         <size>0x6</size>
         <input_file_ref idref="fl-f"/>
      </object_component>
      <object_component id="oc-429">
         <name>.const</name>
         <load_address>0x2000f6ca</load_address>
         <run_address>0x2000f6ca</run_address>
         <size>0x6</size>
         <input_file_ref idref="fl-3"/>
      </object_component>
      <object_component id="oc-308">
         <name>.const:.string:portInterruptIds</name>
         <load_address>0x2000f6d0</load_address>
         <run_address>0x2000f6d0</run_address>
         <size>0x4</size>
         <input_file_ref idref="fl-f"/>
      </object_component>
      <object_component id="oc-70c">
         <name>.cinit..data.load</name>
         <load_address>0x2000f898</load_address>
         <run_address>0x2000f898</run_address>
         <size>0xd3</size>
      </object_component>
      <object_component id="oc-70a">
         <name>__TI_handler_table</name>
         <load_address>0x2000f96c</load_address>
         <run_address>0x2000f96c</run_address>
         <size>0xc</size>
      </object_component>
      <object_component id="oc-70d">
         <name>.cinit..bss.load</name>
         <load_address>0x2000f978</load_address>
         <run_address>0x2000f978</run_address>
         <size>0x8</size>
      </object_component>
      <object_component id="oc-70b">
         <name>__TI_cinit_table</name>
         <load_address>0x2000f980</load_address>
         <run_address>0x2000f980</run_address>
         <size>0x10</size>
      </object_component>
      <object_component id="oc-20a">
         <name>.data</name>
         <load_address>0x2000f3ac</load_address>
         <run_address>0x2000f3ac</run_address>
         <size>0xc</size>
         <input_file_ref idref="fl-2"/>
      </object_component>
      <object_component id="oc-3eb">
         <name>.data:gpioPinConfigs</name>
         <load_address>0x2000f39c</load_address>
         <run_address>0x2000f39c</run_address>
         <size>0x10</size>
         <input_file_ref idref="fl-3"/>
      </object_component>
      <object_component id="oc-3ee">
         <name>.data:gpioCallbackFunctions</name>
         <load_address>0x2000f38c</load_address>
         <run_address>0x2000f38c</run_address>
         <size>0x10</size>
         <input_file_ref idref="fl-3"/>
      </object_component>
      <object_component id="oc-390">
         <name>.data:parkInfo</name>
         <load_address>0x2000f294</load_address>
         <run_address>0x2000f294</run_address>
         <size>0xf8</size>
         <input_file_ref idref="fl-3"/>
      </object_component>
      <object_component id="oc-426">
         <name>.data</name>
         <load_address>0x2000f3e9</load_address>
         <run_address>0x2000f3e9</run_address>
         <size>0x1</size>
         <input_file_ref idref="fl-e"/>
      </object_component>
      <object_component id="oc-2ce">
         <name>.data</name>
         <load_address>0x2000f3b8</load_address>
         <run_address>0x2000f3b8</run_address>
         <size>0x9</size>
         <input_file_ref idref="fl-f"/>
      </object_component>
      <object_component id="oc-29b">
         <name>.data:PowerCC32XX_module</name>
         <load_address>0x2000f128</load_address>
         <run_address>0x2000f128</run_address>
         <size>0x16c</size>
         <input_file_ref idref="fl-10"/>
      </object_component>
      <object_component id="oc-3d1">
         <name>.data</name>
         <load_address>0x2000f3c1</load_address>
         <run_address>0x2000f3c1</run_address>
         <size>0x3</size>
         <input_file_ref idref="fl-15"/>
      </object_component>
      <object_component id="oc-4a8">
         <name>.data:SemaphoreP_defaultParams</name>
         <load_address>0x2000f3d4</load_address>
         <run_address>0x2000f3d4</run_address>
         <size>0x8</size>
         <input_file_ref idref="fl-15"/>
      </object_component>
      <object_component id="oc-4a2">
         <name>.data</name>
         <load_address>0x2000f3e4</load_address>
         <run_address>0x2000f3e4</run_address>
         <size>0x5</size>
         <input_file_ref idref="fl-16"/>
      </object_component>
      <object_component id="oc-4f1">
         <name>.data:HwiP_dispatchTable</name>
         <load_address>0x2000ee1c</load_address>
         <run_address>0x2000ee1c</run_address>
         <size>0x30c</size>
         <input_file_ref idref="fl-17"/>
      </object_component>
      <object_component id="oc-4fa">
         <name>.data</name>
         <load_address>0x2000f3dc</load_address>
         <run_address>0x2000f3dc</run_address>
         <size>0x8</size>
         <input_file_ref idref="fl-17"/>
      </object_component>
      <object_component id="oc-576">
         <name>.data:$O1$$</name>
         <load_address>0x2000f3cc</load_address>
         <run_address>0x2000f3cc</run_address>
         <size>0x8</size>
         <input_file_ref idref="fl-de"/>
      </object_component>
      <object_component id="oc-223">
         <name>.data:$O1$$</name>
         <load_address>0x2000f3c4</load_address>
         <run_address>0x2000f3c4</run_address>
         <size>0x8</size>
         <input_file_ref idref="fl-e6"/>
      </object_component>
      <object_component id="oc-2dd">
         <name>.bss:gpioCallbackInfo</name>
         <uninitialized>true</uninitialized>
         <run_address>0x2000f838</run_address>
         <size>0x20</size>
         <input_file_ref idref="fl-f"/>
      </object_component>
      <object_component id="oc-2d4">
         <name>.bss:powerNotifyObj</name>
         <uninitialized>true</uninitialized>
         <run_address>0x2000f858</run_address>
         <size>0x14</size>
         <input_file_ref idref="fl-f"/>
      </object_component>
      <object_component id="oc-2cd">
         <name>.bss</name>
         <uninitialized>true</uninitialized>
         <run_address>0x2000f86c</run_address>
         <size>0x4</size>
         <input_file_ref idref="fl-f"/>
      </object_component>
      <object_component id="oc-6b3">
         <name>.bss:timerState</name>
         <uninitialized>true</uninitialized>
         <run_address>0x2000f894</run_address>
         <size>0x4</size>
         <input_file_ref idref="fl-12"/>
      </object_component>
      <object_component id="oc-5d0">
         <name>.bss</name>
         <uninitialized>true</uninitialized>
         <run_address>0x2000f890</run_address>
         <size>0x4</size>
         <input_file_ref idref="fl-16"/>
      </object_component>
      <object_component id="oc-510">
         <name>.bss</name>
         <uninitialized>true</uninitialized>
         <run_address>0x2000f880</run_address>
         <size>0xd</size>
         <input_file_ref idref="fl-1a"/>
      </object_component>
      <object_component id="oc-505">
         <name>.common:timerCC32XXObjects</name>
         <uninitialized>true</uninitialized>
         <run_address>0x2000f804</run_address>
         <size>0x34</size>
      </object_component>
      <object_component id="oc-5e5">
         <name>.common:PowerCC32XX_contextSave</name>
         <uninitialized>true</uninitialized>
         <run_address>0x2000f6d8</run_address>
         <size>0x12c</size>
      </object_component>
      <object_component id="oc-e1">
         <name>.common:ClockP_ctrl</name>
         <uninitialized>true</uninitialized>
         <run_address>0x2000f870</run_address>
         <size>0x10</size>
      </object_component>
      <object_component id="oc-2a">
         <name>.sysmem</name>
         <uninitialized>true</uninitialized>
         <run_address>0x20004040</run_address>
         <size>0x10</size>
         <input_file_ref idref="fl-de"/>
      </object_component>
      <object_component id="oc-710">
         <name>.sysmem</name>
         <uninitialized>true</uninitialized>
         <run_address>0x20004040</run_address>
         <size>0x0</size>
      </object_component>
      <object_component id="oc-2d">
         <name>.stack</name>
         <uninitialized>true</uninitialized>
         <run_address>0x20003000</run_address>
         <size>0x4</size>
         <input_file_ref idref="fl-df"/>
      </object_component>
      <object_component id="oc-70f">
         <name>.stack</name>
         <uninitialized>true</uninitialized>
         <run_address>0x20003000</run_address>
         <size>0x0</size>
      </object_component>
      <object_component id="oc-27">
         <name>.resetVecs:retain</name>
         <load_address>0x20004000</load_address>
         <run_address>0x20004000</run_address>
         <size>0x40</size>
         <input_file_ref idref="fl-19"/>
      </object_component>
      <object_component id="oc-bb">
         <name>.ramVecs</name>
         <uninitialized>true</uninitialized>
         <run_address>0x20000000</run_address>
         <size>0x30c</size>
         <input_file_ref idref="fl-19"/>
      </object_component>
      <object_component id="oc-14d">
         <name>.debug_info</name>
         <load_address>0x0</load_address>
         <run_address>0x0</run_address>
         <size>0x3d2</size>
         <input_file_ref idref="fl-2"/>
      </object_component>
      <object_component id="oc-20b">
         <name>.debug_info</name>
         <load_address>0x3d2</load_address>
         <run_address>0x3d2</run_address>
         <size>0x192</size>
         <input_file_ref idref="fl-2"/>
      </object_component>
      <object_component id="oc-337">
         <name>.debug_info</name>
         <load_address>0x564</load_address>
         <run_address>0x564</run_address>
         <size>0x196</size>
         <input_file_ref idref="fl-2"/>
      </object_component>
      <object_component id="oc-1ef">
         <name>.debug_info</name>
         <load_address>0x6fa</load_address>
         <run_address>0x6fa</run_address>
         <size>0x1a8</size>
         <input_file_ref idref="fl-2"/>
      </object_component>
      <object_component id="oc-210">
         <name>.debug_info</name>
         <load_address>0x8a2</load_address>
         <run_address>0x8a2</run_address>
         <size>0x161</size>
         <input_file_ref idref="fl-2"/>
      </object_component>
      <object_component id="oc-216">
         <name>.debug_info</name>
         <load_address>0xa03</load_address>
         <run_address>0xa03</run_address>
         <size>0x161</size>
         <input_file_ref idref="fl-2"/>
      </object_component>
      <object_component id="oc-340">
         <name>.debug_info</name>
         <load_address>0xb64</load_address>
         <run_address>0xb64</run_address>
         <size>0x15c</size>
         <input_file_ref idref="fl-2"/>
      </object_component>
      <object_component id="oc-346">
         <name>.debug_info</name>
         <load_address>0xcc0</load_address>
         <run_address>0xcc0</run_address>
         <size>0x160</size>
         <input_file_ref idref="fl-2"/>
      </object_component>
      <object_component id="oc-1fb">
         <name>.debug_info</name>
         <load_address>0xe20</load_address>
         <run_address>0xe20</run_address>
         <size>0x15a</size>
         <input_file_ref idref="fl-2"/>
      </object_component>
      <object_component id="oc-1f5">
         <name>.debug_info</name>
         <load_address>0xf7a</load_address>
         <run_address>0xf7a</run_address>
         <size>0x156</size>
         <input_file_ref idref="fl-2"/>
      </object_component>
      <object_component id="oc-201">
         <name>.debug_info</name>
         <load_address>0x10d0</load_address>
         <run_address>0x10d0</run_address>
         <size>0x197</size>
         <input_file_ref idref="fl-2"/>
      </object_component>
      <object_component id="oc-207">
         <name>.debug_info</name>
         <load_address>0x1267</load_address>
         <run_address>0x1267</run_address>
         <size>0x195</size>
         <input_file_ref idref="fl-2"/>
      </object_component>
      <object_component id="oc-161">
         <name>.debug_info</name>
         <load_address>0x13fc</load_address>
         <run_address>0x13fc</run_address>
         <size>0x31d</size>
         <input_file_ref idref="fl-2"/>
      </object_component>
      <object_component id="oc-1a9">
         <name>.debug_info</name>
         <load_address>0x1719</load_address>
         <run_address>0x1719</run_address>
         <size>0x2a9</size>
         <input_file_ref idref="fl-2"/>
      </object_component>
      <object_component id="oc-e7">
         <name>.debug_info</name>
         <load_address>0x19c2</load_address>
         <run_address>0x19c2</run_address>
         <size>0x26b</size>
         <input_file_ref idref="fl-2"/>
      </object_component>
      <object_component id="oc-36">
         <name>.debug_info</name>
         <load_address>0x1c2d</load_address>
         <run_address>0x1c2d</run_address>
         <size>0x84</size>
         <input_file_ref idref="fl-2"/>
      </object_component>
      <object_component id="oc-1b3">
         <name>.debug_info</name>
         <load_address>0x1cb1</load_address>
         <run_address>0x1cb1</run_address>
         <size>0x3b</size>
         <input_file_ref idref="fl-2"/>
      </object_component>
      <object_component id="oc-148">
         <name>.debug_info</name>
         <load_address>0x1cec</load_address>
         <run_address>0x1cec</run_address>
         <size>0x2a4</size>
         <input_file_ref idref="fl-2"/>
      </object_component>
      <object_component id="oc-1ae">
         <name>.debug_info</name>
         <load_address>0x1f90</load_address>
         <run_address>0x1f90</run_address>
         <size>0xef</size>
         <input_file_ref idref="fl-2"/>
      </object_component>
      <object_component id="oc-12f">
         <name>.debug_info</name>
         <load_address>0x207f</load_address>
         <run_address>0x207f</run_address>
         <size>0xbb</size>
         <input_file_ref idref="fl-2"/>
      </object_component>
      <object_component id="oc-613">
         <name>.debug_info</name>
         <load_address>0x213a</load_address>
         <run_address>0x213a</run_address>
         <size>0x53</size>
         <input_file_ref idref="fl-2"/>
      </object_component>
      <object_component id="oc-21a">
         <name>.debug_info</name>
         <load_address>0x218d</load_address>
         <run_address>0x218d</run_address>
         <size>0x3f</size>
         <input_file_ref idref="fl-2"/>
      </object_component>
      <object_component id="oc-1a3">
         <name>.debug_info</name>
         <load_address>0x21cc</load_address>
         <run_address>0x21cc</run_address>
         <size>0x4ad</size>
         <input_file_ref idref="fl-3"/>
      </object_component>
      <object_component id="oc-3ec">
         <name>.debug_info</name>
         <load_address>0x2679</load_address>
         <run_address>0x2679</run_address>
         <size>0x106</size>
         <input_file_ref idref="fl-3"/>
      </object_component>
      <object_component id="oc-3ef">
         <name>.debug_info</name>
         <load_address>0x277f</load_address>
         <run_address>0x277f</run_address>
         <size>0x114</size>
         <input_file_ref idref="fl-3"/>
      </object_component>
      <object_component id="oc-42a">
         <name>.debug_info</name>
         <load_address>0x2893</load_address>
         <run_address>0x2893</run_address>
         <size>0x241</size>
         <input_file_ref idref="fl-3"/>
      </object_component>
      <object_component id="oc-2d2">
         <name>.debug_info</name>
         <load_address>0x2ad4</load_address>
         <run_address>0x2ad4</run_address>
         <size>0x10c</size>
         <input_file_ref idref="fl-3"/>
      </object_component>
      <object_component id="oc-29f">
         <name>.debug_info</name>
         <load_address>0x2be0</load_address>
         <run_address>0x2be0</run_address>
         <size>0x10e</size>
         <input_file_ref idref="fl-3"/>
      </object_component>
      <object_component id="oc-507">
         <name>.debug_info</name>
         <load_address>0x2cee</load_address>
         <run_address>0x2cee</run_address>
         <size>0x10e</size>
         <input_file_ref idref="fl-3"/>
      </object_component>
      <object_component id="oc-42d">
         <name>.debug_info</name>
         <load_address>0x2dfc</load_address>
         <run_address>0x2dfc</run_address>
         <size>0x102</size>
         <input_file_ref idref="fl-3"/>
      </object_component>
      <object_component id="oc-391">
         <name>.debug_info</name>
         <load_address>0x2efe</load_address>
         <run_address>0x2efe</run_address>
         <size>0xfa</size>
         <input_file_ref idref="fl-3"/>
      </object_component>
      <object_component id="oc-1c7">
         <name>.debug_info</name>
         <load_address>0x2ff8</load_address>
         <run_address>0x2ff8</run_address>
         <size>0x152</size>
         <input_file_ref idref="fl-3"/>
      </object_component>
      <object_component id="oc-153">
         <name>.debug_info</name>
         <load_address>0x314a</load_address>
         <run_address>0x314a</run_address>
         <size>0x188</size>
         <input_file_ref idref="fl-3"/>
      </object_component>
      <object_component id="oc-24b">
         <name>.debug_info</name>
         <load_address>0x32d2</load_address>
         <run_address>0x32d2</run_address>
         <size>0x183</size>
         <input_file_ref idref="fl-3"/>
      </object_component>
      <object_component id="oc-134">
         <name>.debug_info</name>
         <load_address>0x3455</load_address>
         <run_address>0x3455</run_address>
         <size>0x100</size>
         <input_file_ref idref="fl-3"/>
      </object_component>
      <object_component id="oc-246">
         <name>.debug_info</name>
         <load_address>0x3555</load_address>
         <run_address>0x3555</run_address>
         <size>0x878</size>
         <input_file_ref idref="fl-3"/>
      </object_component>
      <object_component id="oc-25e">
         <name>.debug_info</name>
         <load_address>0x3dcd</load_address>
         <run_address>0x3dcd</run_address>
         <size>0xf8</size>
         <input_file_ref idref="fl-3"/>
      </object_component>
      <object_component id="oc-241">
         <name>.debug_info</name>
         <load_address>0x3ec5</load_address>
         <run_address>0x3ec5</run_address>
         <size>0x9a</size>
         <input_file_ref idref="fl-3"/>
      </object_component>
      <object_component id="oc-259">
         <name>.debug_info</name>
         <load_address>0x3f5f</load_address>
         <run_address>0x3f5f</run_address>
         <size>0xb6</size>
         <input_file_ref idref="fl-3"/>
      </object_component>
      <object_component id="oc-250">
         <name>.debug_info</name>
         <load_address>0x4015</load_address>
         <run_address>0x4015</run_address>
         <size>0xa1</size>
         <input_file_ref idref="fl-3"/>
      </object_component>
      <object_component id="oc-44c">
         <name>.debug_info</name>
         <load_address>0x40b6</load_address>
         <run_address>0x40b6</run_address>
         <size>0x62</size>
         <input_file_ref idref="fl-3"/>
      </object_component>
      <object_component id="oc-108">
         <name>.debug_info</name>
         <load_address>0x4118</load_address>
         <run_address>0x4118</run_address>
         <size>0x8b</size>
         <input_file_ref idref="fl-3"/>
      </object_component>
      <object_component id="oc-aa">
         <name>.debug_info</name>
         <load_address>0x41a3</load_address>
         <run_address>0x41a3</run_address>
         <size>0x2c</size>
         <input_file_ref idref="fl-3"/>
      </object_component>
      <object_component id="oc-11b">
         <name>.debug_info</name>
         <load_address>0x41cf</load_address>
         <run_address>0x41cf</run_address>
         <size>0x153</size>
         <input_file_ref idref="fl-4"/>
[...]
         <object_component_ref idref="oc-2e7"/>
      </symbol>
      <symbol id="sm-450">
         <name>PowerCC32XX_enterLPDS</name>
         <value>0x2000e2bd</value>
         <object_component_ref idref="oc-53d"/>
      </symbol>
      <symbol id="sm-451">
         <name>PowerCC32XX_resumeLPDS</name>
         <value>0x2000de03</value>
         <object_component_ref idref="oc-5e7"/>
      </symbol>
      <symbol id="sm-51d">
         <name>TimerCC32XX_open</name>
         <value>0x2000cbed</value>
         <object_component_ref idref="oc-5a2"/>
      </symbol>
      <symbol id="sm-51e">
         <name>TimerCC32XX_init</name>
         <value>0x2000da4f</value>
         <object_component_ref idref="oc-59c"/>
      </symbol>
      <symbol id="sm-51f">
         <name>TimerCC32XX_fxnTable</name>
         <value>0x2000f5fc</value>
         <object_component_ref idref="oc-502"/>
      </symbol>
      <symbol id="sm-520">
         <name>TimerCC32XX_setPeriod</name>
         <value>0x2000d665</value>
         <object_component_ref idref="oc-5a8"/>
      </symbol>
      <symbol id="sm-521">
         <name>TimerCC32XX_start</name>
         <value>0x2000d8ed</value>
         <object_component_ref idref="oc-5ae"/>
      </symbol>
      <symbol id="sm-522">
         <name>TimerCC32XX_freeTimerResource</name>
         <value>0x2000e769</value>
         <object_component_ref idref="oc-62e"/>
      </symbol>
      <symbol id="sm-523">
         <name>TimerCC32XX_control</name>
         <value>0x2000edff</value>
         <object_component_ref idref="oc-590"/>
      </symbol>
      <symbol id="sm-524">
         <name>TimerCC32XX_stop</name>
         <value>0x2000ddad</value>
         <object_component_ref idref="oc-5b4"/>
      </symbol>
      <symbol id="sm-525">
         <name>TimerCC32XX_close</name>
         <value>0x2000e509</value>
         <object_component_ref idref="oc-58a"/>
      </symbol>
      <symbol id="sm-526">
         <name>TimerCC32XX_allocateTimerResource</name>
         <value>0x2000df49</value>
         <object_component_ref idref="oc-638"/>
      </symbol>
      <symbol id="sm-527">
         <name>TimerCC32XX_getCount</name>
         <value>0x2000eb11</value>
         <object_component_ref idref="oc-596"/>
      </symbol>
      <symbol id="sm-53f">
         <name>List_remove</name>
         <value>0x2000e94f</value>
         <object_component_ref idref="oc-698"/>
      </symbol>
      <symbol id="sm-540">
         <name>List_put</name>
         <value>0x2000e929</value>
         <object_component_ref idref="oc-3d5"/>
      </symbol>
      <symbol id="sm-5bb">
         <name>SemaphoreP_defaultParams</name>
         <value>0x2000f3d4</value>
         <object_component_ref idref="oc-4a8"/>
      </symbol>
      <symbol id="sm-5bc">
         <name>SemaphoreP_construct</name>
         <value>0x2000def9</value>
         <object_component_ref idref="oc-4ac"/>
      </symbol>
      <symbol id="sm-5bd">
         <name>SemaphoreP_create</name>
         <value>0x2000ebe5</value>
         <object_component_ref idref="oc-39b"/>
      </symbol>
      <symbol id="sm-5be">
         <name>SemaphoreP_post</name>
         <value>0x2000e301</value>
         <object_component_ref idref="oc-2c7"/>
      </symbol>
      <symbol id="sm-5bf">
         <name>SemaphoreP_pend</name>
         <value>0x2000d1cd</value>
         <object_component_ref idref="oc-2bb"/>
      </symbol>
      <symbol id="sm-5c0">
         <name>SemaphoreP_delete</name>
         <value>0x2000ee0f</value>
         <object_component_ref idref="oc-2b5"/>
      </symbol>
      <symbol id="sm-5c1">
         <name>SemaphoreP_createBinary</name>
         <value>0x2000eaa9</value>
         <object_component_ref idref="oc-2a3"/>
      </symbol>
      <symbol id="sm-5c2">
         <name>SemaphoreP_Params_init</name>
         <value>0x2000ed69</value>
         <object_component_ref idref="oc-395"/>
      </symbol>
      <symbol id="sm-5c3">
         <name>clkFxn</name>
         <value>0x2000e6cb</value>
         <object_component_ref idref="oc-3cb"/>
      </symbol>
      <symbol id="sm-67e">
         <name>ClockP_ctrl</name>
         <value>0x2000f870</value>
      </symbol>
      <symbol id="sm-67f">
         <name>ClockP_doTick</name>
         <value>0x2000dea9</value>
         <object_component_ref idref="oc-79"/>
      </symbol>
      <symbol id="sm-680">
         <name>ClockP_startup</name>
         <value>0x2000e701</value>
         <object_component_ref idref="oc-51c"/>
      </symbol>
      <symbol id="sm-681">
         <name>ClockP_stop</name>
         <value>0x2000e235</value>
         <object_component_ref idref="oc-4d4"/>
      </symbol>
      <symbol id="sm-682">
         <name>ClockP_getTicksUntilInterrupt</name>
         <value>0x2000e6cd</value>
         <object_component_ref idref="oc-46e"/>
      </symbol>
      <symbol id="sm-683">
         <name>ClockP_setTicks</name>
         <value>0x2000ed29</value>
         <object_component_ref idref="oc-496"/>
      </symbol>
      <symbol id="sm-684">
         <name>ClockP_tickPeriod</name>
         <value>0x2000f3e4</value>
         <object_component_ref idref="oc-4a2"/>
      </symbol>
      <symbol id="sm-685">
         <name>ClockP_getSystemTicks</name>
         <value>0x2000ed19</value>
         <object_component_ref idref="oc-47a"/>
      </symbol>
      <symbol id="sm-686">
         <name>ClockP_destruct</name>
         <value>0x2000e491</value>
         <object_component_ref idref="oc-3c5"/>
      </symbol>
      <symbol id="sm-687">
         <name>ClockP_start</name>
         <value>0x2000e7d1</value>
         <object_component_ref idref="oc-3b3"/>
      </symbol>
      <symbol id="sm-688">
         <name>ClockP_sysTickHandler</name>
         <value>0x2000dea9</value>
         <object_component_ref idref="oc-79"/>
      </symbol>
      <symbol id="sm-689">
         <name>ClockP_isActive</name>
         <value>0x2000edd9</value>
         <object_component_ref idref="oc-3bf"/>
      </symbol>
      <symbol id="sm-68a">
         <name>ClockP_getCpuFreq</name>
         <value>0x2000ed09</value>
         <object_component_ref idref="oc-45c"/>
      </symbol>
      <symbol id="sm-68b">
         <name>ClockP_add</name>
         <value>0x2000ecf7</value>
         <object_component_ref idref="oc-3ad"/>
      </symbol>
      <symbol id="sm-714">
         <name>HwiP_delete</name>
         <value>0x2000ed39</value>
         <object_component_ref idref="oc-628"/>
      </symbol>
      <symbol id="sm-715">
         <name>HwiP_construct</name>
         <value>0x2000d4c9</value>
         <object_component_ref idref="oc-407"/>
      </symbol>
      <symbol id="sm-716">
         <name>HwiP_inISR</name>
         <value>0x2000ec11</value>
         <object_component_ref idref="oc-3dc"/>
      </symbol>
      <symbol id="sm-717">
         <name>HwiP_dispatch</name>
         <value>0x2000e975</value>
         <object_component_ref idref="oc-4f4"/>
      </symbol>
      <symbol id="sm-718">
         <name>HwiP_destruct</name>
         <value>0x2000e9bd</value>
         <object_component_ref idref="oc-6a0"/>
      </symbol>
      <symbol id="sm-719">
         <name>HwiP_clearInterrupt</name>
         <value>0x2000ed89</value>
         <object_component_ref idref="oc-622"/>
      </symbol>
      <symbol id="sm-71a">
         <name>HwiP_swiPIntNum</name>
         <value>0x2000f3e0</value>
         <object_component_ref idref="oc-4fa"/>
      </symbol>
      <symbol id="sm-71b">
         <name>HwiP_Params_init</name>
         <value>0x2000ecb1</value>
         <object_component_ref idref="oc-2ed"/>
      </symbol>
      <symbol id="sm-71c">
         <name>HwiP_disable</name>
         <value>0x2000ed97</value>
         <object_component_ref idref="oc-2a9"/>
      </symbol>
      <symbol id="sm-71d">
         <name>HwiP_key</name>
         <value>0x2000f3dc</value>
         <object_component_ref idref="oc-4fa"/>
      </symbol>
      <symbol id="sm-71e">
         <name>HwiP_create</name>
         <value>0x2000e831</value>
         <object_component_ref idref="oc-2f3"/>
      </symbol>
      <symbol id="sm-71f">
         <name>HwiP_post</name>
         <value>0x2000ee0b</value>
         <object_component_ref idref="oc-563"/>
      </symbol>
      <symbol id="sm-720">
         <name>HwiP_enable</name>
         <value>0x2000eda5</value>
         <object_component_ref idref="oc-158"/>
      </symbol>
      <symbol id="sm-721">
         <name>HwiP_restore</name>
         <value>0x2000ed49</value>
         <object_component_ref idref="oc-2af"/>
      </symbol>
      <symbol id="sm-751">
         <name>PowerCC32XX_initPolicy</name>
         <value>0x2000d9db</value>
         <object_component_ref idref="oc-384"/>
      </symbol>
      <symbol id="sm-752">
         <name>PowerCC32XX_sleepPolicy</name>
         <value>0x2000c651</value>
         <object_component_ref idref="oc-38a"/>
      </symbol>
      <symbol id="sm-7a7">
         <name>resetISR</name>
         <value>0x2000eac5</value>
         <object_component_ref idref="oc-21"/>
      </symbol>
      <symbol id="sm-7a8">
         <name>resetVectorAddr</name>
         <value>0x2000ead8</value>
         <object_component_ref idref="oc-21"/>
      </symbol>
      <symbol id="sm-7a9">
         <name>initVectors</name>
         <value>0x2000e625</value>
         <object_component_ref idref="oc-59"/>
      </symbol>
      <symbol id="sm-7aa">
         <name>resetVectors</name>
         <value>0x20004000</value>
         <object_component_ref idref="oc-27"/>
      </symbol>
      <symbol id="sm-7da">
         <name>SwiP_disable</name>
         <value>0x2000ea55</value>
         <object_component_ref idref="oc-462"/>
      </symbol>
      <symbol id="sm-7db">
         <name>SwiP_restore</name>
         <value>0x2000e345</value>
         <object_component_ref idref="oc-49c"/>
      </symbol>
      <symbol id="sm-7e6">
         <name>CPUcpsid</name>
         <value>0x2000ebfb</value>
         <object_component_ref idref="oc-a3"/>
      </symbol>
      <symbol id="sm-82b">
         <name>IntVTableBaseSet</name>
         <value>0x2000ec25</value>
         <object_component_ref idref="oc-af"/>
      </symbol>
      <symbol id="sm-82c">
         <name>IntEnable</name>
         <value>0x2000d07d</value>
         <object_component_ref idref="oc-b5"/>
      </symbol>
      <symbol id="sm-82d">
         <name>IntMasterDisable</name>
         <value>0x2000ede3</value>
         <object_component_ref idref="oc-53"/>
      </symbol>
      <symbol id="sm-82e">
         <name>IntPendSet</name>
         <value>0x2000d555</value>
         <object_component_ref idref="oc-60a"/>
      </symbol>
      <symbol id="sm-868">
         <name>PinModeGet</name>
         <value>0x2000e735</value>
         <object_component_ref idref="oc-288"/>
      </symbol>
      <symbol id="sm-869">
         <name>PinConfigSet</name>
         <value>0x2000d5dd</value>
         <object_component_ref idref="oc-2e1"/>
      </symbol>
      <symbol id="sm-86a">
         <name>PinModeSet</name>
         <value>0x2000e411</value>
         <object_component_ref idref="oc-28e"/>
      </symbol>
      <symbol id="sm-86b">
         <name>PinToPadGet</name>
         <value>0x2000ea39</value>
         <object_component_ref idref="oc-5d8"/>
      </symbol>
      <symbol id="sm-934">
         <name>PRCMLPDSRestoreInfoSet</name>
         <value>0x2000e279</value>
         <object_component_ref idref="oc-5ec"/>
      </symbol>
      <symbol id="sm-935">
         <name>PRCMPeripheralReset</name>
         <value>0x2000dcfd</value>
         <object_component_ref idref="oc-27c"/>
      </symbol>
      <symbol id="sm-936">
         <name>PRCMLPDSEnter</name>
         <value>0x2000e115</value>
         <object_component_ref idref="oc-554"/>
      </symbol>
      <symbol id="sm-937">
         <name>PRCMPeripheralClkEnable</name>
         <value>0x2000e15d</value>
         <object_component_ref idref="oc-276"/>
      </symbol>
      <symbol id="sm-938">
         <name>PRCMLPDSEnterKeepDebugIf</name>
         <value>0x2000e57d</value>
         <object_component_ref idref="oc-55a"/>
      </symbol>
      <symbol id="sm-939">
         <name>PRCMCC3200MCUInit</name>
         <value>0x2000c041</value>
         <object_component_ref idref="oc-1ba"/>
      </symbol>
      <symbol id="sm-93a">
         <name>PRCMHIBRegWrite</name>
         <value>0x2000ebcf</value>
         <object_component_ref idref="oc-26a"/>
      </symbol>
      <symbol id="sm-93b">
         <name>PRCMSysResetCauseGet</name>
         <value>0x2000db8d</value>
         <object_component_ref idref="oc-263"/>
      </symbol>
      <symbol id="sm-93c">
         <name>PRCMPeripheralClkDisable</name>
         <value>0x2000e8b1</value>
         <object_component_ref idref="oc-282"/>
      </symbol>
      <symbol id="sm-93d">
         <name>PRCMHIBRegRead</name>
         <value>0x2000ebb9</value>
         <object_component_ref idref="oc-270"/>
      </symbol>
      <symbol id="sm-985">
         <name>TimerLoadSet</name>
         <value>0x2000e85b</value>
         <object_component_ref idref="oc-65d"/>
      </symbol>
      <symbol id="sm-986">
         <name>TimerDisable</name>
         <value>0x2000e9fd</value>
         <object_component_ref idref="oc-677"/>
      </symbol>
      <symbol id="sm-987">
         <name>TimerEnable</name>
         <value>0x2000ea1b</value>
         <object_component_ref idref="oc-670"/>
      </symbol>
      <symbol id="sm-988">
         <name>TimerIntDisable</name>
         <value>0x2000eb29</value>
         <object_component_ref idref="oc-67d"/>
      </symbol>
      <symbol id="sm-989">
         <name>TimerPrescaleSet</name>
         <value>0x2000e885</value>
         <object_component_ref idref="oc-657"/>
      </symbol>
      <symbol id="sm-98a">
         <name>TimerControlStall</name>
         <value>0x2000e695</value>
         <object_component_ref idref="oc-6b9"/>
      </symbol>
      <symbol id="sm-98b">
         <name>TimerIntEnable</name>
         <value>0x2000eb41</value>
         <object_component_ref idref="oc-664"/>
      </symbol>
      <symbol id="sm-98c">
         <name>TimerIntClear</name>
         <value>0x2000ecc3</value>
         <object_component_ref idref="oc-6c1"/>
      </symbol>
      <symbol id="sm-990">
         <name>UtilsDelay</name>
         <value>0x2000ee05</value>
         <object_component_ref idref="oc-269"/>
      </symbol>
      <symbol id="sm-9a0">
         <name>FlashDisable</name>
         <value>0x2000e0cd</value>
         <object_component_ref idref="oc-602"/>
      </symbol>
      <symbol id="sm-9a9">
         <name>__aeabi_lmul</name>
         <value>0x2000eb89</value>
         <object_component_ref idref="oc-491"/>
      </symbol>
      <symbol id="sm-9c4">
         <name>memcpy</name>
         <value>0x2000d26d</value>
         <object_component_ref idref="oc-3b"/>
      </symbol>
      <symbol id="sm-9c5">
         <name>__aeabi_memcpy</name>
         <value>0x2000d26d</value>
         <object_component_ref idref="oc-3b"/>
      </symbol>
      <symbol id="sm-9c6">
         <name>__aeabi_memcpy8</name>
         <value>0x2000d26d</value>
         <object_component_ref idref="oc-3b"/>
      </symbol>
      <symbol id="sm-9c7">
         <name>__aeabi_memcpy4</name>
         <value>0x2000d26d</value>
         <object_component_ref idref="oc-3b"/>
      </symbol>
      <symbol id="sm-9d4">
         <name>__aeabi_uldivmod</name>
         <value>0x2000d3a1</value>
         <object_component_ref idref="oc-486"/>
      </symbol>
      <symbol id="sm-9e8">
         <name>__TI_zero_init_nomemset</name>
         <value>0x2000ea71</value>
         <object_component_ref idref="oc-47"/>
      </symbol>
      <symbol id="sm-9ff">
         <name>__TI_decompress_none</name>
         <value>0x2000edb3</value>
         <object_component_ref idref="oc-1a"/>
      </symbol>
      <symbol id="sm-a22">
         <name>__TI_decompress_lzss</name>
         <value>0x2000dac1</value>
         <object_component_ref idref="oc-14"/>
      </symbol>
      <symbol id="sm-aab">
         <name>_sys_memory</name>
         <value>0x20004040</value>
         <object_component_ref idref="oc-2a"/>
      </symbol>
      <symbol id="sm-aac">
         <name>free</name>
         <value>0x2000ce15</value>
         <object_component_ref idref="oc-3a6"/>
      </symbol>
      <symbol id="sm-aad">
         <name>memalign</name>
         <value>0x2000cd15</value>
         <object_component_ref idref="oc-4ea"/>
      </symbol>
      <symbol id="sm-aae">
         <name>malloc</name>
         <value>0x2000edf7</value>
         <object_component_ref idref="oc-401"/>
      </symbol>
      <symbol id="sm-aaf">
         <name>aligned_alloc</name>
         <value>0x2000cd15</value>
         <object_component_ref idref="oc-4ea"/>
      </symbol>
      <symbol id="sm-ac1">
         <name>__stack</name>
         <value>0x20003000</value>
         <object_component_ref idref="oc-2d"/>
      </symbol>
      <symbol id="sm-ac2">
         <name>_c_int00_noargs</name>
         <value>0x2000e999</value>
         <object_component_ref idref="oc-c5"/>
      </symbol>
      <symbol id="sm-acc">
         <name>__aeabi_idiv0</name>
         <value>0x2000ec0f</value>
         <object_component_ref idref="oc-525"/>
      </symbol>
      <symbol id="sm-acd">
         <name>__aeabi_ldiv0</name>
         <value>0x2000ec0f</value>
         <object_component_ref idref="oc-525"/>
      </symbol>
      <symbol id="sm-af6">
         <name>__TI_auto_init_nobinit_nopinit</name>
         <value>0x2000e3cd</value>
         <object_component_ref idref="oc-171"/>
      </symbol>
      <symbol id="sm-b00">
         <name>_system_pre_init</name>
         <value>0x2000ee13</value>
         <object_component_ref idref="oc-114"/>
      </symbol>
      <symbol id="sm-b0c">
         <name>C$$EXIT</name>
         <value>0x2000ee17</value>
         <object_component_ref idref="oc-165"/>
      </symbol>
      <symbol id="sm-b0d">
         <name>abort</name>
         <value>0x2000ee17</value>
         <object_component_ref idref="oc-165"/>
      </symbol>
      <symbol id="sm-b22">
         <name>_nop</name>
         <value>0x2000dea7</value>
         <object_component_ref idref="oc-351"/>
      </symbol>
      <symbol id="sm-b23">
         <name>_lock</name>
         <value>0x2000f3c4</value>
         <object_component_ref idref="oc-223"/>
      </symbol>
      <symbol id="sm-b24">
         <name>_unlock</name>
         <value>0x2000f3c8</value>
         <object_component_ref idref="oc-223"/>
      </symbol>
      <symbol id="sm-b26">
         <name>__TI_static_base__</name>
         <value>0x2000f898</value>
      </symbol>
      <symbol id="sm-b29">
         <name>ITM_flush</name>
         <value>0x0</value>
      </symbol>
      <symbol id="sm-b2a">
         <name>ITM_restore</name>
         <value>0x0</value>
      </symbol>
      <symbol id="sm-b2b">
         <name>__mpu_init</name>
         <value>0x0</value>
      </symbol>
      <symbol id="sm-b2c">
         <name>_system_post_cinit</name>
         <value>0x0</value>
      </symbol>
      <symbol id="sm-b2d">
         <name>NoRTOS_start</name>
         <value>0x2000eda5</value>
      </symbol>
   </symbol_table>
   <title>Link successful</title>
</link_info>
