******************************************************************************
                  TI ARM Linker PC v20.2.7                     
******************************************************************************
>> Linked Sun Apr  2 14:14:04 2023

OUTPUT FILE NAME:   <gpiointerrupt_CC3220S_LAUNCHXL_nortos_ccs.out>
ENTRY POINT SYMBOL: "resetISR"  address: 2000eac5


MEMORY CONFIGURATION

         name            origin    length      used     unused   attr    fill
----------------------  --------  ---------  --------  --------  ----  --------
  SRAM2                 20000000   00004000  0000130c  00002cf4  RW X
  SRAM                  20004000   0003c000  0000b988  00030678  RW X
  LOG_DATA              90000000   00040000  00000000  00040000  R   


SEGMENT ALLOCATION MAP

run origin  load origin   length   init length attrs members
----------  ----------- ---------- ----------- ----- -------
20003000    20003000    00001000   00000000    rw-
  20003000    20003000    00001000   00000000    rw- .stack
20004000    20004000    00000040   00000040    r--
  20004000    20004000    00000040   00000040    r-- .resetVecs
20004040    20004040    00008000   00000000    rw-
  20004040    20004040    00008000   00000000    rw- .sysmem
2000c040    2000c040    00002dda   00002dda    r-x
  2000c040    2000c040    00002dda   00002dda    r-x .text
2000ee1c    2000ee1c    000005ce   00000000    rw-
  2000ee1c    2000ee1c    000005ce   00000000    rw- .data
2000f3ec    2000f3ec    000002e8   000002e8    r--
  2000f3ec    2000f3ec    000002e8   000002e8    r-- .const
2000f6d8    2000f6d8    000001c0   00000000    rw-
  2000f6d8    2000f6d8    000001c0   00000000    rw- .bss
2000f898    2000f898    000000f8   000000f8    r--
  2000f898    2000f898    000000f8   000000f8    r-- .cinit


SECTION ALLOCATION MAP

 output                                  attributes/
section   page    origin      length       input sections
--------  ----  ----------  ----------   ----------------
.text      0    2000c040    00002dda     
                  2000c040    0000042c     driverlib.a : prcm.obj (.text:PRCMCC3200MCUInit)
                  2000c46c    000001e4     drivers_cc32xx.a : GPIOCC32XX.oem4 (.text:GPIO_setConfig)
                  2000c650    0000019c     nortos_cc32xx.a : PowerCC32XX_nortos.oem4 (.text:PowerCC32XX_sleepPolicy)
                  2000c7ec    00000180     gpiointerrupt.obj (.text:mainThread)
                  2000c96c    00000148     drivers_cc32xx.a : PowerCC32XX.oem4 (.text:parkPins)
                  2000cab4    00000138                      : PowerCC32XX.oem4 (.text:Power_sleep)
                  2000cbec    00000128                      : TimerCC32XX.oem4 (.text:TimerCC32XX_open)
                  2000cd14    00000100     rtsv7M4_T_le_eabi.lib : memory.c.obj (.text:aligned_alloc)
                  2000ce14    000000e4                           : memory.c.obj (.text:free)
                  2000cef8    000000c4     drivers_cc32xx.a : GPIOCC32XX.oem4 (.text:GPIO_init)
                  2000cfbc    000000c0                      : PowerCC32XX.oem4 (.text:restoreParkedPins)
                  2000d07c    000000a8     driverlib.a : interrupt.obj (.text:IntEnable)
                  2000d124    000000a8     drivers_cc32xx.a : PowerCC32XX.oem4 (.text:PowerCC32XX_configureWakeup)
                  2000d1cc    000000a0     nortos_cc32xx.a : SemaphoreP_nortos.oem4 (.text:SemaphoreP_pend)
                  2000d26c    0000009c     rtsv7M4_T_le_eabi.lib : memcpy_t2.asm.obj (.text)
                  2000d308    00000098     drivers_cc32xx.a : GPIOCC32XX.oem4 (.text:powerNotifyFxn)
                  2000d3a0    00000096     rtsv7M4_T_le_eabi.lib : ull_div_t2.asm.obj (.text)
                  2000d436    00000002     ti_drivers_config.obj (.text:Board_initHook)
                  2000d438    00000090     drivers_cc32xx.a : PowerCC32XX.oem4 (.text:restoreNVICRegs)
                  2000d4c8    0000008c     nortos_cc32xx.a : HwiPCC32XX_nortos.oem4 (.text:HwiP_construct)
                  2000d554    00000088     driverlib.a : interrupt.obj (.text:IntPendSet)
                  2000d5dc    00000088                 : pin.obj (.text:PinConfigSet)
                  2000d664    00000088     drivers_cc32xx.a : TimerCC32XX.oem4 (.text:TimerCC32XX_setPeriod)
                  2000d6ec    00000084                      : PowerCC32XX.oem4 (.text:Power_init)
                  2000d770    00000084                      : PowerCC32XX.oem4 (.text:saveNVICRegs)
                  2000d7f4    00000080                      : PowerCC32XX.oem4 (.text:Power_setDependency)
                  2000d874    00000078                      : GPIOCC32XX.oem4 (.text:GPIO_hwiIntFxn)
                  2000d8ec    00000078                      : TimerCC32XX.oem4 (.text:TimerCC32XX_start)
                  2000d964    00000076     gpiointerrupt.obj (.text:flash_ok)
                  2000d9da    00000002     nortos_cc32xx.a : PowerCC32XX_nortos.oem4 (.text:PowerCC32XX_initPolicy)
                  2000d9dc    00000072     gpiointerrupt.obj (.text:flash_sos)
                  2000da4e    00000002     drivers_cc32xx.a : TimerCC32XX.oem4 (.text:TimerCC32XX_init)
                  2000da50    00000070     rtsv7M4_T_le_eabi.lib : memory.c.obj (.text:split)
                  2000dac0    00000068                           : copy_decompress_lzss.c.obj (.text:decompress:lzss:__TI_decompress_lzss)
                  2000db28    00000064     drivers_cc32xx.a : PowerCC32XX.oem4 (.text:PowerCC32XX_setParkState)
                  2000db8c    00000060     driverlib.a : prcm.obj (.text:PRCMSysResetCauseGet)
                  2000dbec    0000005c     drivers_cc32xx.a : GPIOCC32XX.oem4 (.text:GPIO_setCallback)
                  2000dc48    0000005c     nortos_cc32xx.a : ClockPSysTick_nortos.oem4 (.text:sysTickInit)
                  2000dca4    00000058     drivers_cc32xx.a : GPIOCC32XX.oem4 (.text:GPIO_write)
                  2000dcfc    00000058     driverlib.a : prcm.obj (.text:PRCMPeripheralReset)
                  2000dd54    00000058     drivers_cc32xx.a : PowerCC32XX.oem4 (.text:Power_releaseDependency)
                  2000ddac    00000056                      : TimerCC32XX.oem4 (.text:TimerCC32XX_stop)
                  2000de02    00000052                      : PowerCC32XX_asm.oem4 (.text:PowerCC32XX_resumeLPDS)
                  2000de54    00000052                      : TimerCC32XX.oem4 (.text:initHw)
                  2000dea6    00000002     rtsv7M4_T_le_eabi.lib : _lock.c.obj (.text:_nop)
                  2000dea8    00000050     nortos_cc32xx.a : ClockPSysTick_nortos.oem4 (.text:ClockP_sysTickHandler)
                  2000def8    00000050                     : SemaphoreP_nortos.oem4 (.text:SemaphoreP_construct)
                  2000df48    00000050     drivers_cc32xx.a : TimerCC32XX.oem4 (.text:TimerCC32XX_allocateTimerResource)
                  2000df98    00000050     gpiointerrupt.obj (.text:initTimer)
                  2000dfe8    0000004c     drivers_cc32xx.a : GPIOCC32XX.oem4 (.text:GPIO_enableInt)
                  2000e034    0000004c                      : PowerCC32XX.oem4 (.text:PowerCC32XX_parkPin)
                  2000e080    0000004c                      : PowerCC32XX.oem4 (.text:restorePeriphClocks)
                  2000e0cc    00000048     driverlib.a : flash.obj (.text:FlashDisable)
                  2000e114    00000048                 : prcm.obj (.text:PRCMLPDSEnter)
                  2000e15c    00000048                 : prcm.obj (.text:PRCMPeripheralClkEnable)
                  2000e1a4    00000048     drivers_cc32xx.a : PowerCC32XX.oem4 (.text:Power_releaseConstraint)
                  2000e1ec    00000046                      : TimerCC32XX.oem4 (.text:getPrescaler)
                  2000e232    00000002     nortos_cc32xx.a : startup_cc32xx_ccs.oem4 (.text:busFaultHandler)
                  2000e234    00000044                     : ClockPSysTick_nortos.oem4 (.text:ClockP_stop)
                  2000e278    00000044     driverlib.a : prcm.obj (.text:PRCMLPDSRestoreInfoSet)
                  2000e2bc    00000044     drivers_cc32xx.a : PowerCC32XX_asm.oem4 (.text:PowerCC32XX_enterLPDS)
                  2000e300    00000044     nortos_cc32xx.a : SemaphoreP_nortos.oem4 (.text:SemaphoreP_post)
                  2000e344    00000044                     : SwiP_nortos.oem4 (.text:SwiP_restore)
                  2000e388    00000044     drivers_cc32xx.a : Timer.oem4 (.text:Timer_init)
                  2000e3cc    00000044     rtsv7M4_T_le_eabi.lib : autoinit.c.obj (.text:__TI_auto_init_nobinit_nopinit:__TI_auto_init_nobinit_nopinit)
                  2000e410    00000040     driverlib.a : pin.obj (.text:PinModeSet)
                  2000e450    00000040     drivers_cc32xx.a : Timer.oem4 (.text:Timer_open)
                  2000e490    0000003c     nortos_cc32xx.a : ClockPSysTick_nortos.oem4 (.text:ClockP_destruct)
                  2000e4cc    0000003c     drivers_cc32xx.a : PowerCC32XX.oem4 (.text:Power_setConstraint)
                  2000e508    0000003a                      : TimerCC32XX.oem4 (.text:TimerCC32XX_close)
                  2000e542    0000003a     nortos_cc32xx.a : PowerCC32XX_nortos.oem4 (.text:getCountsRTC)
                  2000e57c    00000038     driverlib.a : prcm.obj (.text:PRCMLPDSEnterKeepDebugIf)
                  2000e5b4    00000038     drivers_cc32xx.a : TimerCC32XX.oem4 (.text:TimerCC32XX_hwiIntFunction)
                  2000e5ec    00000038     nortos_cc32xx.a : ClockPSysTick_nortos.oem4 (.text:addToList)
                  2000e624    00000038                     : startup_cc32xx_ccs.oem4 (.text:initVectors)
                  2000e65c    00000038     drivers_cc32xx.a : PowerCC32XX.oem4 (.text:notify)
                  2000e694    00000036     driverlib.a : timer.obj (.text:TimerControlStall)
                  2000e6ca    00000002     nortos_cc32xx.a : SemaphoreP_nortos.oem4 (.text:clkFxn)
                  2000e6cc    00000034                     : ClockPSysTick_nortos.oem4 (.text:ClockP_getTicksUntilInterrupt)
                  2000e700    00000034                     : ClockPSysTick_nortos.oem4 (.text:ClockP_startup)
                  2000e734    00000034     driverlib.a : pin.obj (.text:PinModeGet)
                  2000e768    00000034     drivers_cc32xx.a : TimerCC32XX.oem4 (.text:TimerCC32XX_freeTimerResource)
                  2000e79c    00000034                      : TimerCC32XX.oem4 (.text:getPowerMgrId)
                  2000e7d0    00000030     nortos_cc32xx.a : ClockPSysTick_nortos.oem4 (.text:ClockP_start)
                  2000e800    00000030     drivers_cc32xx.a : PowerCC32XX.oem4 (.text:PowerCC32XX_restoreParkedPin)
                  2000e830    0000002a     nortos_cc32xx.a : HwiPCC32XX_nortos.oem4 (.text:HwiP_create)
                  2000e85a    0000002a     driverlib.a : timer.obj (.text:TimerLoadSet)
                  2000e884    0000002a                 : timer.obj (.text:TimerPrescaleSet)
                  2000e8ae    00000002     nortos_cc32xx.a : startup_cc32xx_ccs.oem4 (.text:defaultHandler)
                  2000e8b0    00000028     driverlib.a : prcm.obj (.text:PRCMPeripheralClkDisable)
                  2000e8d8    00000028     drivers_cc32xx.a : PowerCC32XX.oem4 (.text:Power_registerNotify)
                  2000e900    00000028     rtsv7M4_T_le_eabi.lib : memory.c.obj (.text:free_list_insert)
                  2000e928    00000026     drivers_cc32xx.a : List.oem4 (.text:List_put)
                  2000e94e    00000026                      : List.oem4 (.text:List_remove)
                  2000e974    00000024     nortos_cc32xx.a : HwiPCC32XX_nortos.oem4 (.text:HwiP_dispatch)
                  2000e998    00000024     rtsv7M4_T_le_eabi.lib : boot_cortex_m.c.obj (.text:_c_int00_noargs:_c_int00_noargs)
                  2000e9bc    00000020     nortos_cc32xx.a : HwiPCC32XX_nortos.oem4 (.text:HwiP_destruct)
                  2000e9dc    00000020     drivers_cc32xx.a : PowerCC32XX.oem4 (.text:Power_unregisterNotify)
                  2000e9fc    0000001e     driverlib.a : timer.obj (.text:TimerDisable)
                  2000ea1a    0000001e                 : timer.obj (.text:TimerEnable)
                  2000ea38    0000001c                 : pin.obj (.text:PinToPadGet)
                  2000ea54    0000001c     nortos_cc32xx.a : SwiP_nortos.oem4 (.text:SwiP_disable)
                  2000ea70    0000001c     rtsv7M4_T_le_eabi.lib : copy_zero_init.c.obj (.text:decompress:ZI:__TI_zero_init_nomemset:__TI_zero_init_nomemset)
                  2000ea8c    0000001c                           : memory.c.obj (.text:free_list_remove)
                  2000eaa8    0000001a     nortos_cc32xx.a : SemaphoreP_nortos.oem4 (.text:SemaphoreP_createBinary)
                  2000eac2    00000002                     : startup_cc32xx_ccs.oem4 (.text:faultISR)
                  2000eac4    0000001a                     : startup_cc32xx_ccs.oem4 (.text:resetISR)
                  2000eade    00000002                     : startup_cc32xx_ccs.oem4 (.text:nmiISR)
                  2000eae0    00000018     drivers_cc32xx.a : PowerCC32XX.oem4 (.text:Power_getTransitionLatency)
                  2000eaf8    00000018                      : PowerCC32XX.oem4 (.text:Power_idleFunc)
                  2000eb10    00000018                      : TimerCC32XX.oem4 (.text:TimerCC32XX_getCount)
                  2000eb28    00000018     driverlib.a : timer.obj (.text:TimerIntDisable)
                  2000eb40    00000018                 : timer.obj (.text:TimerIntEnable)
                  2000eb58    00000018     gpiointerrupt.obj (.text:gpioButtonFxn0)
                  2000eb70    00000018     gpiointerrupt.obj (.text:gpioButtonFxn1)
                  2000eb88    00000018     rtsv7M4_T_le_eabi.lib : ll_mul_t2.asm.obj (.text)
                  2000eba0    00000018     gpiointerrupt.obj (.text:timerCallback)
                  2000ebb8    00000016     driverlib.a : prcm.obj (.text:PRCMHIBRegRead)
                  2000ebce    00000016                 : prcm.obj (.text:PRCMHIBRegWrite)
                  2000ebe4    00000016     nortos_cc32xx.a : SemaphoreP_nortos.oem4 (.text:SemaphoreP_create)
                  2000ebfa    00000014     driverlib.a : cpu.obj (.text:CPUcpsid)
                  2000ec0e    00000002     rtsv7M4_T_le_eabi.lib : div0.asm.obj (.text)
                  2000ec10    00000014     nortos_cc32xx.a : HwiPCC32XX_nortos.oem4 (.text:HwiP_inISR)
                  2000ec24    00000014     driverlib.a : interrupt.obj (.text:IntVTableBaseSet)
                  2000ec38    00000014     drivers_cc32xx.a : PowerCC32XX.oem4 (.text:Power_disablePolicy)
                  2000ec4c    00000014                      : PowerCC32XX.oem4 (.text:Power_getDependencyCount)
                  2000ec60    00000014     gpiointerrupt.obj (.text:both_lights)
                  2000ec74    00000014     gpiointerrupt.obj (.text:green_light_only)
                  2000ec88    00000014     gpiointerrupt.obj (.text:neither_light)
                  2000ec9c    00000014     gpiointerrupt.obj (.text:red_light_only)
                  2000ecb0    00000012     nortos_cc32xx.a : HwiPCC32XX_nortos.oem4 (.text:HwiP_Params_init)
                  2000ecc2    00000012     driverlib.a : timer.obj (.text:TimerIntClear)
                  2000ecd4    00000012     main_nortos.obj (.text:main)
                  2000ece6    00000010     ti_drivers_config.obj (.text:Board_init)
                  2000ecf6    00000010     nortos_cc32xx.a : ClockPSysTick_nortos.oem4 (.text:ClockP_add)
                  2000ed06    00000002     --HOLE-- [fill = 0]
                  2000ed08    00000010                     : ClockPSysTick_nortos.oem4 (.text:ClockP_getCpuFreq)
                  2000ed18    00000010                     : ClockPSysTick_nortos.oem4 (.text:ClockP_getSystemTicks)
                  2000ed28    00000010                     : ClockPSysTick_nortos.oem4 (.text:ClockP_setTicks)
                  2000ed38    00000010                     : HwiPCC32XX_nortos.oem4 (.text:HwiP_delete)
                  2000ed48    00000010                     : HwiPCC32XX_nortos.oem4 (.text:HwiP_restore)
                  2000ed58    00000010     drivers_cc32xx.a : PowerCC32XX.oem4 (.text:Power_enablePolicy)
                  2000ed68    00000010     nortos_cc32xx.a : SemaphoreP_nortos.oem4 (.text:SemaphoreP_Params_init)
                  2000ed78    00000010     drivers_cc32xx.a : Timer.oem4 (.text:Timer_Params_init)
                  2000ed88    0000000e     nortos_cc32xx.a : HwiPCC32XX_nortos.oem4 (.text:HwiP_clearInterrupt)
                  2000ed96    0000000e                     : HwiPCC32XX_nortos.oem4 (.text:HwiP_disable)
                  2000eda4    0000000e                     : HwiPCC32XX_nortos.oem4 (.text:HwiP_enable)
                  2000edb2    0000000e     rtsv7M4_T_le_eabi.lib : copy_decompress_none.c.obj (.text:decompress:none:__TI_decompress_none)
                  2000edc0    0000000c     drivers_cc32xx.a : PowerCC32XX.oem4 (.text:Power_getConstraintMask)
                  2000edcc    0000000c                      : TimerCC32XX.oem4 (.text:postNotifyFxn)
                  2000edd8    0000000a     nortos_cc32xx.a : ClockPSysTick_nortos.oem4 (.text:ClockP_isActive)
                  2000ede2    0000000a     driverlib.a : interrupt.obj (.text:IntMasterDisable)
                  2000edec    0000000a     drivers_cc32xx.a : Timer.oem4 (.text:Timer_start)
                  2000edf6    00000008     rtsv7M4_T_le_eabi.lib : memory.c.obj (.text:malloc)
                  2000edfe    00000006     drivers_cc32xx.a : TimerCC32XX.oem4 (.text:TimerCC32XX_control)
                  2000ee04    00000006     driverlib.a : utils.obj (.text:UtilsDelay)
                  2000ee0a    00000004     nortos_cc32xx.a : HwiPCC32XX_nortos.oem4 (.text:HwiP_post)
                  2000ee0e    00000004                     : SemaphoreP_nortos.oem4 (.text:SemaphoreP_delete)
                  2000ee12    00000004     rtsv7M4_T_le_eabi.lib : pre_init.c.obj (.text:_system_pre_init)
                  2000ee16    00000004                           : exit.c.obj (.text:abort:abort)

.const     0    2000f3ec    000002e8     
                  2000f3ec    00000100     driverlib.a : pin.obj (.const:g_ulPinToPadMap)
                  2000f4ec    000000a8                 : prcm.obj (.const:PRCM_PeriphRegsList)
                  2000f594    00000044     ti_drivers_config.obj (.const:PowerCC32XX_config)
                  2000f5d8    00000021     drivers_cc32xx.a : GPIOCC32XX.oem4 (.const:.string:pinTable)
                  2000f5f9    00000003     --HOLE-- [fill = 0]
                  2000f5fc    00000020                      : TimerCC32XX.oem4 (.const:TimerCC32XX_fxnTable)
                  2000f61c    00000018     driverlib.a : interrupt.obj (.const:g_pulEnRegs)
                  2000f634    00000018                 : interrupt.obj (.const:g_pulPendRegs)
                  2000f64c    00000014     ti_drivers_config.obj (.const:GPIOCC32XX_config)
                  2000f660    00000014     drivers_cc32xx.a : GPIOCC32XX.oem4 (.const:gpioBaseAddresses)
                  2000f674    00000014                      : GPIOCC32XX.oem4 (.const:powerResources)
                  2000f688    00000010     ti_drivers_config.obj (.const:timerCC32XXHWAttrs)
                  2000f698    0000000c     ti_drivers_config.obj (.const:Timer_config)
                  2000f6a4    0000000c     drivers_cc32xx.a : Timer.oem4 (.const:defaultParams)
                  2000f6b0    00000008                      : GPIOCC32XX.oem4 (.const:outPinTypes)
                  2000f6b8    00000006                      : GPIOCC32XX.oem4 (.const:.string:interruptType)
                  2000f6be    00000006                      : GPIOCC32XX.oem4 (.const:inPinTypes)
                  2000f6c4    00000006                      : GPIOCC32XX.oem4 (.const:outPinStrengths)
                  2000f6ca    00000006     ti_drivers_config.obj (.const)
                  2000f6d0    00000004     drivers_cc32xx.a : GPIOCC32XX.oem4 (.const:.string:portInterruptIds)

.cinit     0    2000f898    000000f8     
                  2000f898    000000d3     (.cinit..data.load) [load image, compression = lzss]
                  2000f96b    00000001     --HOLE-- [fill = 0]
                  2000f96c    0000000c     (__TI_handler_table)
                  2000f978    00000008     (.cinit..bss.load) [load image, compression = zero_init]
                  2000f980    00000010     (__TI_cinit_table)

.init_array 
*          0    20004000    00000000     UNINITIALIZED

.ramVecs   0    20000000    0000030c     NOLOAD SECTION
                  20000000    0000030c     nortos_cc32xx.a : startup_cc32xx_ccs.oem4 (.ramVecs)

.stack     0    20003000    00001000     UNINITIALIZED
                  20003000    00000004     rtsv7M4_T_le_eabi.lib : boot_cortex_m.c.obj (.stack)
                  20003004    00000ffc     --HOLE--

.resetVecs 
*          0    20004000    00000040     
                  20004000    00000040     nortos_cc32xx.a : startup_cc32xx_ccs.oem4 (.resetVecs:retain)

.sysmem    0    20004040    00008000     UNINITIALIZED
                  20004040    00000010     rtsv7M4_T_le_eabi.lib : memory.c.obj (.sysmem)
                  20004050    00007ff0     --HOLE--

.data      0    2000ee1c    000005ce     UNINITIALIZED
                  2000ee1c    0000030c     nortos_cc32xx.a : HwiPCC32XX_nortos.oem4 (.data:HwiP_dispatchTable)
                  2000f128    0000016c     drivers_cc32xx.a : PowerCC32XX.oem4 (.data:PowerCC32XX_module)
                  2000f294    000000f8     ti_drivers_config.obj (.data:parkInfo)
                  2000f38c    00000010     ti_drivers_config.obj (.data:gpioCallbackFunctions)
                  2000f39c    00000010     ti_drivers_config.obj (.data:gpioPinConfigs)
                  2000f3ac    0000000c     gpiointerrupt.obj (.data)
                  2000f3b8    00000009     drivers_cc32xx.a : GPIOCC32XX.oem4 (.data)
                  2000f3c1    00000003     nortos_cc32xx.a : SemaphoreP_nortos.oem4 (.data)
                  2000f3c4    00000008     rtsv7M4_T_le_eabi.lib : _lock.c.obj (.data:$O1$$)
                  2000f3cc    00000008                           : memory.c.obj (.data:$O1$$)
                  2000f3d4    00000008     nortos_cc32xx.a : SemaphoreP_nortos.oem4 (.data:SemaphoreP_defaultParams)
                  2000f3dc    00000008                     : HwiPCC32XX_nortos.oem4 (.data)
                  2000f3e4    00000005                     : ClockPSysTick_nortos.oem4 (.data)
                  2000f3e9    00000001     drivers_cc32xx.a : Timer.oem4 (.data)

.bss       0    2000f6d8    000001c0     UNINITIALIZED
                  2000f6d8    0000012c     (.common:PowerCC32XX_contextSave)
                  2000f804    00000034     (.common:timerCC32XXObjects)
                  2000f838    00000020     drivers_cc32xx.a : GPIOCC32XX.oem4 (.bss:gpioCallbackInfo)
                  2000f858    00000014                      : GPIOCC32XX.oem4 (.bss:powerNotifyObj)
                  2000f86c    00000004                      : GPIOCC32XX.oem4 (.bss)
                  2000f870    00000010     (.common:ClockP_ctrl)
                  2000f880    0000000d     nortos_cc32xx.a : SwiP_nortos.oem4 (.bss)
                  2000f88d    00000003     --HOLE--
                  2000f890    00000004                     : ClockPSysTick_nortos.oem4 (.bss)
                  2000f894    00000004     drivers_cc32xx.a : TimerCC32XX.oem4 (.bss:timerState)

.log_data 
*          0    90000000    00000000     COPY SECTION

__llvm_prf_cnts 
*          0    20004000    00000000     UNINITIALIZED

MODULE SUMMARY

       Module                       code    ro data   rw data
       ------                       ----    -------   -------
    .\
       gpiointerrupt.obj            848     0         12     
       main_nortos.obj              18      0         0      
    +--+----------------------------+-------+---------+---------+
       Total:                       866     0         12     
                                                             
    .\syscfg\
       ti_drivers_config.obj        18      122       332    
    +--+----------------------------+-------+---------+---------+
       Total:                       18      122       332    
                                                             
    C:/ti/simplelink_cc32xx_sdk_4_30_00_06/kernel/nortos/lib/ccs/m4/nortos_cc32xx.a
       HwiPCC32XX_nortos.oem4       366     0         788    
       startup_cc32xx_ccs.oem4      90      64        780    
       ClockPSysTick_nortos.oem4    582     0         25     
       PowerCC32XX_nortos.oem4      472     0         0      
       SemaphoreP_nortos.oem4       378     0         11     
       SwiP_nortos.oem4             96      0         13     
    +--+----------------------------+-------+---------+---------+
       Total:                       1984    64        1617   
                                                             
    C:/ti/simplelink_cc32xx_sdk_4_30_00_06/source/ti/devices/cc32xx/driverlib/ccs/Release/driverlib.a
       prcm.obj                     1604    168       0      
       pin.obj                      280     256       0      
       interrupt.obj                334     48        0      
       timer.obj                    264     0         0      
       flash.obj                    72      0         0      
       cpu.obj                      20      0         0      
       utils.obj                    6       0         0      
    +--+----------------------------+-------+---------+---------+
       Total:                       2580    472       0      
                                                             
    C:/ti/simplelink_cc32xx_sdk_4_30_00_06/source/ti/drivers/lib/ccs/m4/drivers_cc32xx.a
       PowerCC32XX.oem4             2300    0         664    
       GPIOCC32XX.oem4              1208    103       65     
       TimerCC32XX.oem4             1132    32        4      
       Timer.oem4                   158     12        1      
       PowerCC32XX_asm.oem4         150     0         0      
       List.oem4                    76      0         0      
    +--+----------------------------+-------+---------+---------+
       Total:                       5024    147       734    
                                                             
    C:\ti\ccs1220\ccs\tools\compiler\ti-cgt-arm_20.2.7.LTS\lib\rtsv7M4_T_le_eabi.lib
       memory.c.obj                 672     0         8      
       memcpy_t2.asm.obj            156     0         0      
       ull_div_t2.asm.obj           150     0         0      
       copy_decompress_lzss.c.obj   104     0         0      
       autoinit.c.obj               68      0         0      
       boot_cortex_m.c.obj          36      0         0      
       copy_zero_init.c.obj         28      0         0      
       ll_mul_t2.asm.obj            24      0         0      
       copy_decompress_none.c.obj   14      0         0      
       _lock.c.obj                  2       0         8      
       exit.c.obj                   4       0         0      
       pre_init.c.obj               4       0         0      
       div0.asm.obj                 2       0         0      
    +--+----------------------------+-------+---------+---------+
       Total:                       1264    0         16     
                                                             
       Heap:                        0       0         32768  
       Stack:                       0       0         4096   
       Linker Generated:            0       247       0      
    +--+----------------------------+-------+---------+---------+
       Grand Total:                 11736   1052      39575  


LINKER GENERATED COPY TABLES

__TI_cinit_table @ 2000f980 records: 2, size/record: 8, table size: 16
	.data: load addr=2000f898, load size=000000d3 bytes, run addr=2000ee1c, run size=000005ce bytes, compression=lzss
	.bss: load addr=2000f978, load size=00000008 bytes, run addr=2000f6d8, run size=000001c0 bytes, compression=zero_init


LINKER GENERATED HANDLER TABLE

__TI_handler_table @ 2000f96c records: 3, size/record: 4, table size: 12
	index: 0, handler: __TI_decompress_lzss
	index: 1, handler: __TI_decompress_none
	index: 2, handler: __TI_zero_init


GLOBAL SYMBOLS: SORTED ALPHABETICALLY BY Name 

address   name                             
-------   ----                             
2000ece7  Board_init                       
2000d437  Board_initHook                   
2000ee17  C$$EXIT                          
2000f6ca  CONFIG_GPIO_BUTTON_0_CONST       
2000f6cb  CONFIG_GPIO_BUTTON_1_CONST       
2000f6cc  CONFIG_GPIO_LED_0_CONST          
2000f6cd  CONFIG_GPIO_LED_1_CONST          
2000f6ce  CONFIG_TIMER_0_CONST             
2000ebfb  CPUcpsid                         
2000ecf7  ClockP_add                       
2000f870  ClockP_ctrl                      
2000e491  ClockP_destruct                  
2000dea9  ClockP_doTick                    
2000ed09  ClockP_getCpuFreq                
2000ed19  ClockP_getSystemTicks            
2000e6cd  ClockP_getTicksUntilInterrupt    
2000edd9  ClockP_isActive                  
2000ed29  ClockP_setTicks                  
2000e7d1  ClockP_start                     
2000e701  ClockP_startup                   
2000e235  ClockP_stop                      
2000dea9  ClockP_sysTickHandler            
2000f3e4  ClockP_tickPeriod                
2000e0cd  FlashDisable                     
2000f64c  GPIOCC32XX_config                
2000dfe9  GPIO_enableInt                   
2000d875  GPIO_hwiIntFxn                   
2000cef9  GPIO_init                        
2000dbed  GPIO_setCallback                 
2000c46d  GPIO_setConfig                   
2000dca5  GPIO_write                       
2000ecb1  HwiP_Params_init                 
2000ed89  HwiP_clearInterrupt              
2000d4c9  HwiP_construct                   
2000e831  HwiP_create                      
2000ed39  HwiP_delete                      
2000e9bd  HwiP_destruct                    
2000ed97  HwiP_disable                     
2000e975  HwiP_dispatch                    
2000eda5  HwiP_enable                      
2000ec11  HwiP_inISR                       
2000f3dc  HwiP_key                         
2000ee0b  HwiP_post                        
2000ed49  HwiP_restore                     
2000f3e0  HwiP_swiPIntNum                  
UNDEFED   ITM_flush                        
UNDEFED   ITM_restore                      
2000d07d  IntEnable                        
2000ede3  IntMasterDisable                 
2000d555  IntPendSet                       
2000ec25  IntVTableBaseSet                 
2000e929  List_put                         
2000e94f  List_remove                      
2000eda5  NoRTOS_start                     
2000c041  PRCMCC3200MCUInit                
2000ebb9  PRCMHIBRegRead                   
2000ebcf  PRCMHIBRegWrite                  
2000e115  PRCMLPDSEnter                    
2000e57d  PRCMLPDSEnterKeepDebugIf         
2000e279  PRCMLPDSRestoreInfoSet           
2000e8b1  PRCMPeripheralClkDisable         
2000e15d  PRCMPeripheralClkEnable          
2000dcfd  PRCMPeripheralReset              
2000db8d  PRCMSysResetCauseGet             
2000d5dd  PinConfigSet                     
2000e735  PinModeGet                       
2000e411  PinModeSet                       
2000ea39  PinToPadGet                      
2000f594  PowerCC32XX_config               
2000d125  PowerCC32XX_configureWakeup      
2000f6d8  PowerCC32XX_contextSave          
2000e2bd  PowerCC32XX_enterLPDS            
2000d9db  PowerCC32XX_initPolicy           
2000f128  PowerCC32XX_module               
2000e035  PowerCC32XX_parkPin              
2000e801  PowerCC32XX_restoreParkedPin     
2000de03  PowerCC32XX_resumeLPDS           
2000db29  PowerCC32XX_setParkState         
2000c651  PowerCC32XX_sleepPolicy          
2000ec39  Power_disablePolicy              
2000ed59  Power_enablePolicy               
2000edc1  Power_getConstraintMask          
2000ec4d  Power_getDependencyCount         
2000eae1  Power_getTransitionLatency       
2000eaf9  Power_idleFunc                   
2000d6ed  Power_init                       
2000e8d9  Power_registerNotify             
2000e1a5  Power_releaseConstraint          
2000dd55  Power_releaseDependency          
2000e4cd  Power_setConstraint              
2000d7f5  Power_setDependency              
2000cab5  Power_sleep                      
2000e9dd  Power_unregisterNotify           
2000ed69  SemaphoreP_Params_init           
2000def9  SemaphoreP_construct             
2000ebe5  SemaphoreP_create                
2000eaa9  SemaphoreP_createBinary          
2000f3d4  SemaphoreP_defaultParams         
2000ee0f  SemaphoreP_delete                
2000d1cd  SemaphoreP_pend                  
2000e301  SemaphoreP_post                  
2000ea55  SwiP_disable                     
2000e345  SwiP_restore                     
2000df49  TimerCC32XX_allocateTimerResource
2000e509  TimerCC32XX_close                
2000edff  TimerCC32XX_control              
2000e769  TimerCC32XX_freeTimerResource    
2000f5fc  TimerCC32XX_fxnTable             
2000eb11  TimerCC32XX_getCount             
2000da4f  TimerCC32XX_init                 
2000cbed  TimerCC32XX_open                 
2000d665  TimerCC32XX_setPeriod            
2000d8ed  TimerCC32XX_start                
2000ddad  TimerCC32XX_stop                 
2000e695  TimerControlStall                
2000e9fd  TimerDisable                     
2000ea1b  TimerEnable                      
2000f3ac  TimerFlag                        
2000ecc3  TimerIntClear                    
2000eb29  TimerIntDisable                  
2000eb41  TimerIntEnable                   
2000e85b  TimerLoadSet                     
2000e885  TimerPrescaleSet                 
2000ed79  Timer_Params_init                
2000f698  Timer_config                     
2000f6cf  Timer_count                      
2000e389  Timer_init                       
2000e451  Timer_open                       
2000eded  Timer_start                      
2000ee05  UtilsDelay                       
20004000  __STACK_END                      
00001000  __STACK_SIZE                     
00008000  __SYSMEM_SIZE                    
2000f980  __TI_CINIT_Base                  
2000f990  __TI_CINIT_Limit                 
2000f96c  __TI_Handler_Table_Base          
2000f978  __TI_Handler_Table_Limit         
2000e3cd  __TI_auto_init_nobinit_nopinit   
2000dac1  __TI_decompress_lzss             
2000edb3  __TI_decompress_none             
ffffffff  __TI_pprof_out_hndl              
ffffffff  __TI_prof_data_size              
ffffffff  __TI_prof_data_start             
2000f898  __TI_static_base__               
2000ea71  __TI_zero_init_nomemset          
2000ec0f  __aeabi_idiv0                    
2000ec0f  __aeabi_ldiv0                    
2000eb89  __aeabi_lmul                     
2000d26d  __aeabi_memcpy                   
2000d26d  __aeabi_memcpy4                  
2000d26d  __aeabi_memcpy8                  
2000d3a1  __aeabi_uldivmod                 
ffffffff  __binit__                        
ffffffff  __c_args__                       
UNDEFED   __mpu_init                       
20003000  __stack                          
20004000  __start___llvm_prf_cnts          
20004000  __stop___llvm_prf_cnts           
2000e999  _c_int00_noargs                  
2000f3c4  _lock                            
2000dea7  _nop                             
20004040  _sys_memory                      
UNDEFED   _system_post_cinit               
2000ee13  _system_pre_init                 
2000f3c8  _unlock                          
2000ee17  abort                            
2000cd15  aligned_alloc                    
ffffffff  binit                            
2000ec61  both_lights                      
2000f3ad  change_message                   
2000e6cb  clkFxn                           
2000d965  flash_ok                         
2000d9dd  flash_sos                        
2000ce15  free                             
2000eb59  gpioButtonFxn0                   
2000eb71  gpioButtonFxn1                   
2000f38c  gpioCallbackFunctions            
2000f39c  gpioPinConfigs                   
2000ec75  green_light_only                 
2000f6be  inPinTypes                       
2000df99  initTimer                        
2000e625  initVectors                      
2000ecd5  main                             
2000c7ed  mainThread                       
2000edf7  malloc                           
2000cd15  memalign                         
2000d26d  memcpy                           
2000f3ae  message_ended                    
2000ec89  neither_light                    
2000f6c4  outPinStrengths                  
2000f6b0  outPinTypes                      
2000f294  parkInfo                         
2000ec9d  red_light_only                   
2000eac5  resetISR                         
2000ead8  resetVectorAddr                  
20004000  resetVectors                     
2000f688  timerCC32XXHWAttrs               
2000f804  timerCC32XXObjects               
2000eba1  timerCallback                    


GLOBAL SYMBOLS: SORTED BY Symbol Address 

address   name                             
-------   ----                             
00001000  __STACK_SIZE                     
00008000  __SYSMEM_SIZE                    
20003000  __stack                          
20004000  __STACK_END                      
20004000  __start___llvm_prf_cnts          
20004000  __stop___llvm_prf_cnts           
20004000  resetVectors                     
20004040  _sys_memory                      
2000c041  PRCMCC3200MCUInit                
2000c46d  GPIO_setConfig                   
2000c651  PowerCC32XX_sleepPolicy          
2000c7ed  mainThread                       
2000cab5  Power_sleep                      
2000cbed  TimerCC32XX_open                 
2000cd15  aligned_alloc                    
2000cd15  memalign                         
2000ce15  free                             
2000cef9  GPIO_init                        
2000d07d  IntEnable                        
2000d125  PowerCC32XX_configureWakeup      
2000d1cd  SemaphoreP_pend                  
2000d26d  __aeabi_memcpy                   
2000d26d  __aeabi_memcpy4                  
2000d26d  __aeabi_memcpy8                  
2000d26d  memcpy                           
2000d3a1  __aeabi_uldivmod                 
2000d437  Board_initHook                   
2000d4c9  HwiP_construct                   
2000d555  IntPendSet                       
2000d5dd  PinConfigSet                     
2000d665  TimerCC32XX_setPeriod            
2000d6ed  Power_init                       
2000d7f5  Power_setDependency              
2000d875  GPIO_hwiIntFxn                   
2000d8ed  TimerCC32XX_start                
2000d965  flash_ok                         
2000d9db  PowerCC32XX_initPolicy           
2000d9dd  flash_sos                        
2000da4f  TimerCC32XX_init                 
2000dac1  __TI_decompress_lzss             
2000db29  PowerCC32XX_setParkState         
2000db8d  PRCMSysResetCauseGet             
2000dbed  GPIO_setCallback                 
2000dca5  GPIO_write                       
2000dcfd  PRCMPeripheralReset              
2000dd55  Power_releaseDependency          
2000ddad  TimerCC32XX_stop                 
2000de03  PowerCC32XX_resumeLPDS           
2000dea7  _nop                             
2000dea9  ClockP_doTick                    
2000dea9  ClockP_sysTickHandler            
2000def9  SemaphoreP_construct             
2000df49  TimerCC32XX_allocateTimerResource
2000df99  initTimer                        
2000dfe9  GPIO_enableInt                   
2000e035  PowerCC32XX_parkPin              
2000e0cd  FlashDisable                     
2000e115  PRCMLPDSEnter                    
2000e15d  PRCMPeripheralClkEnable          
2000e1a5  Power_releaseConstraint          
2000e235  ClockP_stop                      
2000e279  PRCMLPDSRestoreInfoSet           
2000e2bd  PowerCC32XX_enterLPDS            
2000e301  SemaphoreP_post                  
2000e345  SwiP_restore                     
2000e389  Timer_init                       
2000e3cd  __TI_auto_init_nobinit_nopinit   
2000e411  PinModeSet                       
2000e451  Timer_open                       
2000e491  ClockP_destruct                  
2000e4cd  Power_setConstraint              
2000e509  TimerCC32XX_close                
2000e57d  PRCMLPDSEnterKeepDebugIf         
2000e625  initVectors                      
2000e695  TimerControlStall                
2000e6cb  clkFxn                           
2000e6cd  ClockP_getTicksUntilInterrupt    
2000e701  ClockP_startup                   
2000e735  PinModeGet                       
2000e769  TimerCC32XX_freeTimerResource    
2000e7d1  ClockP_start                     
2000e801  PowerCC32XX_restoreParkedPin     
2000e831  HwiP_create                      
2000e85b  TimerLoadSet                     
2000e885  TimerPrescaleSet                 
2000e8b1  PRCMPeripheralClkDisable         
2000e8d9  Power_registerNotify             
2000e929  List_put                         
2000e94f  List_remove                      
2000e975  HwiP_dispatch                    
2000e999  _c_int00_noargs                  
2000e9bd  HwiP_destruct                    
2000e9dd  Power_unregisterNotify           
2000e9fd  TimerDisable                     
2000ea1b  TimerEnable                      
2000ea39  PinToPadGet                      
2000ea55  SwiP_disable                     
2000ea71  __TI_zero_init_nomemset          
2000eaa9  SemaphoreP_createBinary          
2000eac5  resetISR                         
2000ead8  resetVectorAddr                  
2000eae1  Power_getTransitionLatency       
2000eaf9  Power_idleFunc                   
2000eb11  TimerCC32XX_getCount             
2000eb29  TimerIntDisable                  
2000eb41  TimerIntEnable                   
2000eb59  gpioButtonFxn0                   
2000eb71  gpioButtonFxn1                   
2000eb89  __aeabi_lmul                     
2000eba1  timerCallback                    
2000ebb9  PRCMHIBRegRead                   
2000ebcf  PRCMHIBRegWrite                  
2000ebe5  SemaphoreP_create                
2000ebfb  CPUcpsid                         
2000ec0f  __aeabi_idiv0                    
2000ec0f  __aeabi_ldiv0                    
2000ec11  HwiP_inISR                       
2000ec25  IntVTableBaseSet                 
2000ec39  Power_disablePolicy              
2000ec4d  Power_getDependencyCount         
2000ec61  both_lights                      
2000ec75  green_light_only                 
2000ec89  neither_light                    
2000ec9d  red_light_only                   
2000ecb1  HwiP_Params_init                 
2000ecc3  TimerIntClear                    
2000ecd5  main                             
2000ece7  Board_init                       
2000ecf7  ClockP_add                       
2000ed09  ClockP_getCpuFreq                
2000ed19  ClockP_getSystemTicks            
2000ed29  ClockP_setTicks                  
2000ed39  HwiP_delete                      
2000ed49  HwiP_restore                     
2000ed59  Power_enablePolicy               
2000ed69  SemaphoreP_Params_init           
2000ed79  Timer_Params_init                
2000ed89  HwiP_clearInterrupt              
2000ed97  HwiP_disable                     
2000eda5  HwiP_enable                      
2000eda5  NoRTOS_start                     
2000edb3  __TI_decompress_none             
2000edc1  Power_getConstraintMask          
2000edd9  ClockP_isActive                  
2000ede3  IntMasterDisable                 
2000eded  Timer_start                      
2000edf7  malloc                           
2000edff  TimerCC32XX_control              
2000ee05  UtilsDelay                       
2000ee0b  HwiP_post                        
2000ee0f  SemaphoreP_delete                
2000ee13  _system_pre_init                 
2000ee17  C$$EXIT                          
2000ee17  abort                            
2000f128  PowerCC32XX_module               
2000f294  parkInfo                         
2000f38c  gpioCallbackFunctions            
2000f39c  gpioPinConfigs                   
2000f3ac  TimerFlag                        
2000f3ad  change_message                   
2000f3ae  message_ended                    
2000f3c4  _lock                            
2000f3c8  _unlock                          
2000f3d4  SemaphoreP_defaultParams         
2000f3dc  HwiP_key                         
2000f3e0  HwiP_swiPIntNum                  
2000f3e4  ClockP_tickPeriod                
2000f594  PowerCC32XX_config               
2000f5fc  TimerCC32XX_fxnTable             
2000f64c  GPIOCC32XX_config                
2000f688  timerCC32XXHWAttrs               
2000f698  Timer_config                     
2000f6b0  outPinTypes                      
2000f6be  inPinTypes                       
2000f6c4  outPinStrengths                  
2000f6ca  CONFIG_GPIO_BUTTON_0_CONST       
2000f6cb  CONFIG_GPIO_BUTTON_1_CONST       
2000f6cc  CONFIG_GPIO_LED_0_CONST          
2000f6cd  CONFIG_GPIO_LED_1_CONST          
2000f6ce  CONFIG_TIMER_0_CONST             
2000f6cf  Timer_count                      
2000f6d8  PowerCC32XX_contextSave          
2000f804  timerCC32XXObjects               
2000f870  ClockP_ctrl                      
2000f898  __TI_static_base__               
2000f96c  __TI_Handler_Table_Base          
2000f978  __TI_Handler_Table_Limit         
2000f980  __TI_CINIT_Base                  
2000f990  __TI_CINIT_Limit                 
ffffffff  __TI_pprof_out_hndl              
ffffffff  __TI_prof_data_size              
ffffffff  __TI_prof_data_start             
ffffffff  __binit__                        
ffffffff  __c_args__                       
ffffffff  binit                            
UNDEFED   ITM_flush                        
UNDEFED   ITM_restore                      
UNDEFED   __mpu_init                       
UNDEFED   _system_post_cinit               

[199 symbols]
